Archive member included because of file (symbol)

/usr/bin/../lib/gcc/arm-none-eabi/4.9.3/../../../../arm-none-eabi/lib/armv7e-m/softfp/libc_nano.a(lib_a-exit.o)
                              /usr/bin/../lib/gcc/arm-none-eabi/4.9.3/../../../../arm-none-eabi/lib/armv7e-m/softfp/crt0.o (exit)
/usr/bin/../lib/gcc/arm-none-eabi/4.9.3/../../../../arm-none-eabi/lib/armv7e-m/softfp/libc_nano.a(lib_a-impure.o)
                              /usr/bin/../lib/gcc/arm-none-eabi/4.9.3/../../../../arm-none-eabi/lib/armv7e-m/softfp/libc_nano.a(lib_a-exit.o) (_global_impure_ptr)
/usr/bin/../lib/gcc/arm-none-eabi/4.9.3/../../../../arm-none-eabi/lib/armv7e-m/softfp/libc_nano.a(lib_a-init.o)
                              /usr/bin/../lib/gcc/arm-none-eabi/4.9.3/../../../../arm-none-eabi/lib/armv7e-m/softfp/crt0.o (__libc_init_array)
/usr/bin/../lib/gcc/arm-none-eabi/4.9.3/../../../../arm-none-eabi/lib/armv7e-m/softfp/libc_nano.a(lib_a-memset.o)
                              /usr/bin/../lib/gcc/arm-none-eabi/4.9.3/../../../../arm-none-eabi/lib/armv7e-m/softfp/crt0.o (memset)
/usr/bin/../lib/gcc/arm-none-eabi/4.9.3/../../../../arm-none-eabi/lib/armv7e-m/softfp/libc_nano.a(lib_a-nano-vfprintf_float.o)
                              (_printf_float)
/usr/bin/../lib/gcc/arm-none-eabi/4.9.3/../../../../arm-none-eabi/lib/armv7e-m/softfp/libc_nano.a(lib_a-nano-vfprintf_i.o)
                              /usr/bin/../lib/gcc/arm-none-eabi/4.9.3/../../../../arm-none-eabi/lib/armv7e-m/softfp/libc_nano.a(lib_a-nano-vfprintf_float.o) (_printf_common)
/usr/bin/../lib/gcc/arm-none-eabi/4.9.3/../../../../arm-none-eabi/lib/armv7e-m/softfp/libc_nano.a(lib_a-nano-vfscanf_float.o)
                              (_scanf_float)
/usr/bin/../lib/gcc/arm-none-eabi/4.9.3/../../../../arm-none-eabi/lib/armv7e-m/softfp/libc_nano.a(lib_a-printf.o)
                              GCC-ARM/Output/main.o (printf)
/usr/bin/../lib/gcc/arm-none-eabi/4.9.3/../../../../arm-none-eabi/lib/armv7e-m/softfp/libc_nano.a(lib_a-s_fpclassify.o)
                              /usr/bin/../lib/gcc/arm-none-eabi/4.9.3/../../../../arm-none-eabi/lib/armv7e-m/softfp/libc_nano.a(lib_a-nano-vfprintf_float.o) (__fpclassifyd)
/usr/bin/../lib/gcc/arm-none-eabi/4.9.3/../../../../arm-none-eabi/lib/armv7e-m/softfp/libc_nano.a(lib_a-sf_nan.o)
                              /usr/bin/../lib/gcc/arm-none-eabi/4.9.3/../../../../arm-none-eabi/lib/armv7e-m/softfp/libc_nano.a(lib_a-nano-vfscanf_float.o) (nanf)
/usr/bin/../lib/gcc/arm-none-eabi/4.9.3/../../../../arm-none-eabi/lib/armv7e-m/softfp/libc_nano.a(lib_a-sprintf.o)
                              /usr/bin/../lib/gcc/arm-none-eabi/4.9.3/../../../../arm-none-eabi/lib/armv7e-m/softfp/libc_nano.a(lib_a-nano-vfscanf_float.o) (sprintf)
/usr/bin/../lib/gcc/arm-none-eabi/4.9.3/../../../../arm-none-eabi/lib/armv7e-m/softfp/libc_nano.a(lib_a-strlen.o)
                              /usr/bin/../lib/gcc/arm-none-eabi/4.9.3/../../../../arm-none-eabi/lib/armv7e-m/softfp/libc_nano.a(lib_a-nano-vfprintf_float.o) (strlen)
/usr/bin/../lib/gcc/arm-none-eabi/4.9.3/../../../../arm-none-eabi/lib/armv7e-m/softfp/libc_nano.a(lib_a-strtod.o)
                              /usr/bin/../lib/gcc/arm-none-eabi/4.9.3/../../../../arm-none-eabi/lib/armv7e-m/softfp/libc_nano.a(lib_a-nano-vfscanf_float.o) (_strtod_r)
/usr/bin/../lib/gcc/arm-none-eabi/4.9.3/../../../../arm-none-eabi/lib/armv7e-m/softfp/libc_nano.a(lib_a-strtol.o)
                              /usr/bin/../lib/gcc/arm-none-eabi/4.9.3/../../../../arm-none-eabi/lib/armv7e-m/softfp/libc_nano.a(lib_a-nano-vfscanf_float.o) (_strtol_r)
/usr/bin/../lib/gcc/arm-none-eabi/4.9.3/../../../../arm-none-eabi/lib/armv7e-m/softfp/libc_nano.a(lib_a-ctype_.o)
                              /usr/bin/../lib/gcc/arm-none-eabi/4.9.3/../../../../arm-none-eabi/lib/armv7e-m/softfp/libc_nano.a(lib_a-strtol.o) (__ctype_ptr__)
/usr/bin/../lib/gcc/arm-none-eabi/4.9.3/../../../../arm-none-eabi/lib/armv7e-m/softfp/libc_nano.a(lib_a-dtoa.o)
                              /usr/bin/../lib/gcc/arm-none-eabi/4.9.3/../../../../arm-none-eabi/lib/armv7e-m/softfp/libc_nano.a(lib_a-nano-vfprintf_float.o) (_dtoa_r)
/usr/bin/../lib/gcc/arm-none-eabi/4.9.3/../../../../arm-none-eabi/lib/armv7e-m/softfp/libc_nano.a(lib_a-findfp.o)
                              /usr/bin/../lib/gcc/arm-none-eabi/4.9.3/../../../../arm-none-eabi/lib/armv7e-m/softfp/libc_nano.a(lib_a-printf.o) (__sinit)
/usr/bin/../lib/gcc/arm-none-eabi/4.9.3/../../../../arm-none-eabi/lib/armv7e-m/softfp/libc_nano.a(lib_a-fwalk.o)
                              /usr/bin/../lib/gcc/arm-none-eabi/4.9.3/../../../../arm-none-eabi/lib/armv7e-m/softfp/libc_nano.a(lib_a-findfp.o) (_fwalk)
/usr/bin/../lib/gcc/arm-none-eabi/4.9.3/../../../../arm-none-eabi/lib/armv7e-m/softfp/libc_nano.a(lib_a-gdtoa-gethex.o)
                              /usr/bin/../lib/gcc/arm-none-eabi/4.9.3/../../../../arm-none-eabi/lib/armv7e-m/softfp/libc_nano.a(lib_a-strtod.o) (__gethex)
[...]
Memory Configuration

Name             Origin             Length             Attributes
FLASH            0x08000000         0x00100000         xr
RAM              0x20000000         0x00030000         xrw
MEMORY_B1        0x60000000         0x00000000         xr
*default*        0x00000000         0xffffffff

Linker script and memory map

LOAD /usr/bin/../lib/gcc/arm-none-eabi/4.9.3/armv7e-m/softfp/crti.o
LOAD /usr/bin/../lib/gcc/arm-none-eabi/4.9.3/armv7e-m/softfp/crtbegin.o
LOAD /usr/bin/../lib/gcc/arm-none-eabi/4.9.3/../../../../arm-none-eabi/lib/armv7e-m/softfp/crt0.o
LOAD GCC-ARM/Output/system_stm32f4xx.o
LOAD GCC-ARM/Output/main.o
LOAD GCC-ARM/Output/stm32f4xx_hal_msp.o
LOAD GCC-ARM/Output/stm32f4xx_it.o
LOAD GCC-ARM/Output/stm32f4xx_hal.o
LOAD GCC-ARM/Output/stm32f4xx_hal_cortex.o
LOAD GCC-ARM/Output/stm32f4xx_hal_dma.o
LOAD GCC-ARM/Output/stm32f4xx_hal_rcc.o
LOAD GCC-ARM/Output/stm32f4xx_hal_gpio.o
LOAD GCC-ARM/Output/stm32f4xx_hal_usart.o
LOAD GCC-ARM/Output/retarget.o
LOAD GCC-ARM/Output/GCC-ARM/startup_stm32f407xx.o
LOAD /usr/bin/../lib/gcc/arm-none-eabi/4.9.3/../../../../arm-none-eabi/lib/armv7e-m/softfp/libnosys.a
LOAD /usr/bin/../lib/gcc/arm-none-eabi/4.9.3/armv7e-m/softfp/libgcc.a
LOAD /usr/bin/../lib/gcc/arm-none-eabi/4.9.3/../../../../arm-none-eabi/lib/armv7e-m/softfp/libm.a
LOAD /usr/bin/../lib/gcc/arm-none-eabi/4.9.3/../../../../arm-none-eabi/lib/armv7e-m/softfp/libc_nano.a
LOAD /usr/bin/../lib/gcc/arm-none-eabi/4.9.3/../../../../arm-none-eabi/lib/armv7e-m/softfp/libg_nano.a
START GROUP
LOAD /usr/bin/../lib/gcc/arm-none-eabi/4.9.3/armv7e-m/softfp/libgcc.a
LOAD /usr/bin/../lib/gcc/arm-none-eabi/4.9.3/../../../../arm-none-eabi/lib/armv7e-m/softfp/libg_nano.a
LOAD /usr/bin/../lib/gcc/arm-none-eabi/4.9.3/../../../../arm-none-eabi/lib/armv7e-m/softfp/libc_nano.a
END GROUP
START GROUP
LOAD /usr/bin/../lib/gcc/arm-none-eabi/4.9.3/armv7e-m/softfp/libgcc.a
LOAD /usr/bin/../lib/gcc/arm-none-eabi/4.9.3/../../../../arm-none-eabi/lib/armv7e-m/softfp/libc_nano.a
LOAD /usr/bin/../lib/gcc/arm-none-eabi/4.9.3/../../../../arm-none-eabi/lib/armv7e-m/softfp/libnosys.a
END GROUP
START GROUP
LOAD /usr/bin/../lib/gcc/arm-none-eabi/4.9.3/armv7e-m/softfp/libgcc.a
LOAD /usr/bin/../lib/gcc/arm-none-eabi/4.9.3/../../../../arm-none-eabi/lib/armv7e-m/softfp/libc_nano.a
LOAD /usr/bin/../lib/gcc/arm-none-eabi/4.9.3/../../../../arm-none-eabi/lib/armv7e-m/softfp/libnosys.a
END GROUP
LOAD /usr/bin/../lib/gcc/arm-none-eabi/4.9.3/armv7e-m/softfp/crtend.o
LOAD /usr/bin/../lib/gcc/arm-none-eabi/4.9.3/armv7e-m/softfp/crtn.o
                0x20020000                _estack = 0x20020000
                0x00000000                _Min_Heap_Size = 0x0
                0x00000400                _Min_Stack_Size = 0x400

.isr_vector     0x08000000      0x188
                0x08000000                . = ALIGN (0x4)
 *(.isr_vector)
 .isr_vector    0x08000000      0x188 GCC-ARM/Output/GCC-ARM/startup_stm32f407xx.o
                0x08000000                g_pfnVectors
                0x08000188                . = ALIGN (0x4)

.text           0x08000188    0x114e0
                0x08000188                . = ALIGN (0x4)
 *(.text)
 .text          0x08000188       0x5c /usr/bin/../lib/gcc/arm-none-eabi/4.9.3/armv7e-m/softfp/crtbegin.o
 .text          0x080001e4      0x164 GCC-ARM/Output/system_stm32f4xx.o
                0x080001e4                SystemInit
                0x08000250                SystemCoreClockUpdate
 .text          0x08000348      0x1d4 GCC-ARM/Output/main.o
                0x08000348                main
                0x08000500                assert_failed
 .text          0x0800051c       0xec GCC-ARM/Output/stm32f4xx_hal_msp.o
                0x0800051c                HAL_MspInit
                0x08000528                HAL_MspDeInit
                0x08000534                HAL_USART_MspInit
                0x080005c8                HAL_USART_MspDeInit
 .text          0x08000608       0x5c GCC-ARM/Output/stm32f4xx_it.o
                0x08000608                NMI_Handler
                0x08000614                HardFault_Handler
                0x0800061c                MemManage_Handler
                0x08000624                BusFault_Handler
                0x0800062c                UsageFault_Handler
                0x08000634                SVC_Handler
                0x08000640                DebugMon_Handler
                0x0800064c                PendSV_Handler
                0x08000658                SysTick_Handler
 .text          0x08000664      0x2e8 GCC-ARM/Output/stm32f4xx_hal.o
                0x08000664                HAL_Init
                0x0800069c                HAL_DeInit
                0x0800070c                HAL_InitTick
                0x08000744                HAL_IncTick
                0x08000760                HAL_GetTick
                0x08000778                HAL_Delay
                0x080007a4                HAL_SuspendTick
                0x080007c0                HAL_ResumeTick
                0x080007dc                HAL_GetHalVersion
                0x080007f0                HAL_GetREVID
                0x08000808                HAL_GetDEVID
                0x08000824                HAL_DBGMCU_EnableDBGSleepMode
                0x08000840                HAL_DBGMCU_DisableDBGSleepMode
                0x0800085c                HAL_DBGMCU_EnableDBGStopMode
                0x08000878                HAL_DBGMCU_DisableDBGStopMode
                0x08000894                HAL_DBGMCU_EnableDBGStandbyMode
                0x080008b0                HAL_DBGMCU_DisableDBGStandbyMode
                0x080008cc                HAL_EnableCompensationCell
                0x0800090c                HAL_DisableCompensationCell
 .text          0x0800094c      0x648 GCC-ARM/Output/stm32f4xx_hal_cortex.o
                0x08000ce0                HAL_NVIC_SetPriorityGrouping
                0x08000d20                HAL_NVIC_SetPriority
                0x08000d78                HAL_NVIC_EnableIRQ
                0x08000da8                HAL_NVIC_DisableIRQ
                0x08000dd8                HAL_NVIC_SystemReset
                0x08000de4                HAL_SYSTICK_Config
                0x08000dfc                HAL_NVIC_GetPriorityGrouping
                0x08000e0c                HAL_NVIC_GetPriority
                0x08000e68                HAL_NVIC_SetPendingIRQ
                0x08000e98                HAL_NVIC_GetPendingIRQ
                0x08000ecc                HAL_NVIC_ClearPendingIRQ
                0x08000efc                HAL_NVIC_GetActive
                0x08000f30                HAL_SYSTICK_CLKSourceConfig
                0x08000f7c                HAL_SYSTICK_IRQHandler
                0x08000f88                HAL_SYSTICK_Callback
 .text          0x08000f94     0x7fe4 GCC-ARM/Output/stm32f4xx_hal_dma.o
                0x08000f94                HAL_DMA_Init
                0x08001340                HAL_DMA_DeInit
                0x0800274c                HAL_DMA_Start
                0x080027cc                HAL_DMA_Start_IT
                0x0800289c                HAL_DMA_Abort
                0x08002918                HAL_DMA_PollForTransfer
                0x08005c20                HAL_DMA_IRQHandler
                0x08008ee8                HAL_DMA_GetState
                0x08008f04                HAL_DMA_GetError
 .text          0x08008f78     0x113c GCC-ARM/Output/stm32f4xx_hal_rcc.o
                0x08008f78                HAL_RCC_DeInit
                0x08008ff0                HAL_RCC_OscConfig
                0x0800960c                HAL_RCC_ClockConfig
                0x08009af0                HAL_RCC_MCOConfig
                0x08009c50                HAL_RCC_EnableCSS
                0x08009c68                HAL_RCC_DisableCSS
                0x08009c80                HAL_RCC_GetSysClockFreq
                0x08009d98                HAL_RCC_GetHCLKFreq
                0x08009df0                HAL_RCC_GetPCLK1Freq
                0x08009e3c                HAL_RCC_GetPCLK2Freq
                0x08009e88                HAL_RCC_GetOscConfig
                0x0800a024                HAL_RCC_GetClockConfig
                0x0800a084                HAL_RCC_NMI_IRQHandler
                0x0800a0a8                HAL_RCC_CSSCallback
 .text          0x0800a0b4      0x994 GCC-ARM/Output/stm32f4xx_hal_gpio.o
                0x0800a0b4                HAL_GPIO_Init
                0x0800a680                HAL_GPIO_DeInit
                0x0800a8d8                HAL_GPIO_ReadPin
                0x0800a918                HAL_GPIO_WritePin
                0x0800a970                HAL_GPIO_TogglePin
                0x0800a9a4                HAL_GPIO_LockPin
                0x0800aa04                HAL_GPIO_EXTI_IRQHandler
                0x0800aa34                HAL_GPIO_EXTI_Callback
 .text          0x0800aa48     0x184c GCC-ARM/Output/stm32f4xx_hal_usart.o
                0x0800aa48                HAL_USART_Init
                0x0800ab10                HAL_USART_DeInit
                0x0800abd0                HAL_USART_Transmit
                0x0800ace8                HAL_USART_Receive
                0x0800ae60                HAL_USART_TransmitReceive
                0x0800b01c                HAL_USART_Transmit_IT
                0x0800b0a8                HAL_USART_Receive_IT
                0x0800b15c                HAL_USART_TransmitReceive_IT
                0x0800b230                HAL_USART_Transmit_DMA
                0x0800b308                HAL_USART_Receive_DMA
                0x0800b418                HAL_USART_TransmitReceive_DMA
                0x0800b55c                HAL_USART_DMAPause
                0x0800b5a0                HAL_USART_DMAResume
                0x0800b5e4                HAL_USART_DMAStop
                0x0800b644                HAL_USART_IRQHandler
                0x0800b864                HAL_USART_TxCpltCallback
                0x0800b878                HAL_USART_TxHalfCpltCallback
                0x0800b88c                HAL_USART_RxCpltCallback
                0x0800b8a0                HAL_USART_RxHalfCpltCallback
                0x0800b8b4                HAL_USART_TxRxCpltCallback
                0x0800b8c8                HAL_USART_ErrorCallback
                0x0800b8dc                HAL_USART_GetState
                0x0800b8f8                HAL_USART_GetError
 .text          0x0800c294       0xa8 GCC-ARM/Output/retarget.o
                0x0800c294                retarget_init
                0x0800c2d0                _write
                0x0800c2fc                _read
                0x0800c318                _ttywrch
 .text          0x0800c33c      0x370 /usr/bin/../lib/gcc/arm-none-eabi/4.9.3/armv7e-m/softfp/libgcc.a(_arm_addsubdf3.o)
                0x0800c33c                __aeabi_drsub
                0x0800c344                __aeabi_dsub
                0x0800c344                __subdf3
                0x0800c348                __adddf3
                0x0800c348                __aeabi_dadd
                0x0800c5c0                __aeabi_ui2d
                0x0800c5c0                __floatunsidf
                0x0800c5e0                __floatsidf
                0x0800c5e0                __aeabi_i2d
                0x0800c604                __extendsfdf2
                0x0800c604                __aeabi_f2d
                0x0800c640                __aeabi_ul2d
                0x0800c640                __floatundidf
                0x0800c650                __floatdidf
                0x0800c650                __aeabi_l2d
 .text          0x0800c6ac      0x424 /usr/bin/../lib/gcc/arm-none-eabi/4.9.3/armv7e-m/softfp/libgcc.a(_arm_muldivdf3.o)
                0x0800c6ac                __aeabi_dmul
                0x0800c6ac                __muldf3
                0x0800c900                __aeabi_ddiv
                0x0800c900                __divdf3
 .text          0x0800cad0      0x110 /usr/bin/../lib/gcc/arm-none-eabi/4.9.3/armv7e-m/softfp/libgcc.a(_arm_cmpdf2.o)
                0x0800cad0                __gtdf2
                0x0800cad0                __gedf2
                0x0800cad8                __ltdf2
                0x0800cad8                __ledf2
                0x0800cae0                __cmpdf2
                0x0800cae0                __eqdf2
                0x0800cae0                __nedf2
                0x0800cb5c                __aeabi_cdrcmple
                0x0800cb6c                __aeabi_cdcmple
                0x0800cb6c                __aeabi_cdcmpeq
                0x0800cb7c                __aeabi_dcmpeq
                0x0800cb90                __aeabi_dcmplt
                0x0800cba4                __aeabi_dcmple
                0x0800cbb8                __aeabi_dcmpge
                0x0800cbcc                __aeabi_dcmpgt
 .text          0x0800cbe0       0x50 /usr/bin/../lib/gcc/arm-none-eabi/4.9.3/armv7e-m/softfp/libgcc.a(_arm_fixdfsi.o)
                0x0800cbe0                __fixdfsi
                0x0800cbe0                __aeabi_d2iz
 .text          0x0800cc30       0x40 /usr/bin/../lib/gcc/arm-none-eabi/4.9.3/armv7e-m/softfp/libgcc.a(_arm_fixunsdfsi.o)
                0x0800cc30                __fixunsdfsi
                0x0800cc30                __aeabi_d2uiz
 .text          0x0800cc70       0xa0 /usr/bin/../lib/gcc/arm-none-eabi/4.9.3/armv7e-m/softfp/libgcc.a(_arm_truncdfsf2.o)
                0x0800cc70                __aeabi_d2f
                0x0800cc70                __truncdfsf2
 *(.text*)
 .text.Reset_Handler
                0x0800cd10       0x50 GCC-ARM/Output/GCC-ARM/startup_stm32f407xx.o
                0x0800cd10                Reset_Handler
 .text.Default_Handler
                0x0800cd60        0x2 GCC-ARM/Output/GCC-ARM/startup_stm32f407xx.o
                0x0800cd60                RTC_Alarm_IRQHandler
                0x0800cd60                HASH_RNG_IRQHandler
                0x0800cd60                EXTI2_IRQHandler
                0x0800cd60                TIM8_CC_IRQHandler
                0x0800cd60                TIM1_CC_IRQHandler
                0x0800cd60                DMA2_Stream5_IRQHandler
                0x0800cd60                DMA1_Stream5_IRQHandler
                0x0800cd60                PVD_IRQHandler
                0x0800cd60                SDIO_IRQHandler
                0x0800cd60                TAMP_STAMP_IRQHandler
                0x0800cd60                CAN2_RX1_IRQHandler
                0x0800cd60                EXTI3_IRQHandler
                0x0800cd60                TIM8_TRG_COM_TIM14_IRQHandler
                0x0800cd60                TIM1_UP_TIM10_IRQHandler
                0x0800cd60                TIM8_UP_TIM13_IRQHandler
                0x0800cd60                I2C3_ER_IRQHandler
                0x0800cd60                EXTI0_IRQHandler
                0x0800cd60                I2C2_EV_IRQHandler
                0x0800cd60                DMA1_Stream2_IRQHandler
                0x0800cd60                CAN1_RX0_IRQHandler
                0x0800cd60                FPU_IRQHandler
                0x0800cd60                OTG_HS_WKUP_IRQHandler
                0x0800cd60                CAN2_SCE_IRQHandler
                0x0800cd60                DMA2_Stream2_IRQHandler
                0x0800cd60                SPI1_IRQHandler
                0x0800cd60                TIM6_DAC_IRQHandler
                0x0800cd60                TIM1_BRK_TIM9_IRQHandler
                0x0800cd60                DCMI_IRQHandler
                0x0800cd60                CAN2_RX0_IRQHandler
                0x0800cd60                DMA2_Stream3_IRQHandler
                0x0800cd60                USART6_IRQHandler
                0x0800cd60                USART3_IRQHandler
                0x0800cd60                CAN1_RX1_IRQHandler
                0x0800cd60                UART5_IRQHandler
                0x0800cd60                DMA2_Stream0_IRQHandler
                0x0800cd60                TIM4_IRQHandler
                0x0800cd60                I2C1_EV_IRQHandler
                0x0800cd60                DMA1_Stream6_IRQHandler
                0x0800cd60                DMA1_Stream1_IRQHandler
                0x0800cd60                UART4_IRQHandler
                0x0800cd60                TIM3_IRQHandler
                0x0800cd60                RCC_IRQHandler
                0x0800cd60                TIM8_BRK_TIM12_IRQHandler
                0x0800cd60                Default_Handler
                0x0800cd60                EXTI15_10_IRQHandler
                0x0800cd60                ADC_IRQHandler
                0x0800cd60                DMA1_Stream7_IRQHandler
                0x0800cd60                TIM7_IRQHandler
                0x0800cd60                CAN2_TX_IRQHandler
                0x0800cd60                TIM5_IRQHandler
                0x0800cd60                DMA2_Stream7_IRQHandler
                0x0800cd60                I2C3_EV_IRQHandler
                0x0800cd60                EXTI9_5_IRQHandler
                0x0800cd60                RTC_WKUP_IRQHandler
                0x0800cd60                ETH_WKUP_IRQHandler
                0x0800cd60                SPI2_IRQHandler
                0x0800cd60                OTG_HS_EP1_IN_IRQHandler
                0x0800cd60                DMA1_Stream0_IRQHandler
                0x0800cd60                CAN1_TX_IRQHandler
                0x0800cd60                EXTI4_IRQHandler
                0x0800cd60                FSMC_IRQHandler
                0x0800cd60                ETH_IRQHandler
                0x0800cd60                OTG_HS_EP1_OUT_IRQHandler
                0x0800cd60                WWDG_IRQHandler
                0x0800cd60                TIM2_IRQHandler
                0x0800cd60                OTG_FS_WKUP_IRQHandler
                0x0800cd60                TIM1_TRG_COM_TIM11_IRQHandler
                0x0800cd60                OTG_HS_IRQHandler
                0x0800cd60                EXTI1_IRQHandler
                0x0800cd60                USART2_IRQHandler
                0x0800cd60                I2C2_ER_IRQHandler
                0x0800cd60                DMA2_Stream1_IRQHandler
                0x0800cd60                CAN1_SCE_IRQHandler
                0x0800cd60                FLASH_IRQHandler
                0x0800cd60                DMA2_Stream4_IRQHandler
                0x0800cd60                USART1_IRQHandler
                0x0800cd60                OTG_FS_IRQHandler
                0x0800cd60                SPI3_IRQHandler
                0x0800cd60                DMA1_Stream4_IRQHandler
                0x0800cd60                I2C1_ER_IRQHandler
                0x0800cd60                DMA2_Stream6_IRQHandler
                0x0800cd60                DMA1_Stream3_IRQHandler
 *fill*         0x0800cd62        0x2 
 .text.__libc_init_array
                0x0800cd64       0x4c /usr/bin/../lib/gcc/arm-none-eabi/4.9.3/../../../../arm-none-eabi/lib/armv7e-m/softfp/libc_nano.a(lib_a-init.o)
                0x0800cd64                __libc_init_array
 .text.memset   0x0800cdb0       0x10 /usr/bin/../lib/gcc/arm-none-eabi/4.9.3/../../../../arm-none-eabi/lib/armv7e-m/softfp/libc_nano.a(lib_a-memset.o)
                0x0800cdb0                memset
 .text.__cvt    0x0800cdc0       0xc0 /usr/bin/../lib/gcc/arm-none-eabi/4.9.3/../../../../arm-none-eabi/lib/armv7e-m/softfp/libc_nano.a(lib_a-nano-vfprintf_float.o)
                0x0800cdc0                __cvt
 .text.__exponent
                0x0800ce80       0x60 /usr/bin/../lib/gcc/arm-none-eabi/4.9.3/../../../../arm-none-eabi/lib/armv7e-m/softfp/libc_nano.a(lib_a-nano-vfprintf_float.o)
                0x0800ce80                __exponent
 .text._printf_float
                0x0800cee0      0x48c /usr/bin/../lib/gcc/arm-none-eabi/4.9.3/../../../../arm-none-eabi/lib/armv7e-m/softfp/libc_nano.a(lib_a-nano-vfprintf_float.o)
                0x0800cee0                _printf_float
 .text._printf_common
                0x0800d36c       0xea /usr/bin/../lib/gcc/arm-none-eabi/4.9.3/../../../../arm-none-eabi/lib/armv7e-m/softfp/libc_nano.a(lib_a-nano-vfprintf_i.o)
                0x0800d36c                _printf_common
 *fill*         0x0800d456        0x2 
 .text._printf_i
                0x0800d458      0x240 /usr/bin/../lib/gcc/arm-none-eabi/4.9.3/../../../../arm-none-eabi/lib/armv7e-m/softfp/libc_nano.a(lib_a-nano-vfprintf_i.o)
                0x0800d458                _printf_i
 .text._scanf_float
                0x0800d698      0x3cc /usr/bin/../lib/gcc/arm-none-eabi/4.9.3/../../../../arm-none-eabi/lib/armv7e-m/softfp/libc_nano.a(lib_a-nano-vfscanf_float.o)
                0x0800d698                _scanf_float
 .text.printf   0x0800da64       0x30 /usr/bin/../lib/gcc/arm-none-eabi/4.9.3/../../../../arm-none-eabi/lib/armv7e-m/softfp/libc_nano.a(lib_a-printf.o)
                0x0800da64                printf
                0x0800da64                iprintf
 .text.__fpclassifyd
                0x0800da94       0x54 /usr/bin/../lib/gcc/arm-none-eabi/4.9.3/../../../../arm-none-eabi/lib/armv7e-m/softfp/libc_nano.a(lib_a-s_fpclassify.o)
                0x0800da94                __fpclassifyd
 .text.nanf     0x0800dae8        0x8 /usr/bin/../lib/gcc/arm-none-eabi/4.9.3/../../../../arm-none-eabi/lib/armv7e-m/softfp/libc_nano.a(lib_a-sf_nan.o)
                0x0800dae8                nanf
 .text.sprintf  0x0800daf0       0x48 /usr/bin/../lib/gcc/arm-none-eabi/4.9.3/../../../../arm-none-eabi/lib/armv7e-m/softfp/libc_nano.a(lib_a-sprintf.o)
                0x0800daf0                sprintf
                0x0800daf0                siprintf
 .text.strlen   0x0800db38       0x10 /usr/bin/../lib/gcc/arm-none-eabi/4.9.3/../../../../arm-none-eabi/lib/armv7e-m/softfp/libc_nano.a(lib_a-strlen.o)
                0x0800db38                strlen
 .text.match    0x0800db48       0x26 /usr/bin/../lib/gcc/arm-none-eabi/4.9.3/../../../../arm-none-eabi/lib/armv7e-m/softfp/libc_nano.a(lib_a-strtod.o)
 .text.sulp     0x0800db6e       0x42 /usr/bin/../lib/gcc/arm-none-eabi/4.9.3/../../../../arm-none-eabi/lib/armv7e-m/softfp/libc_nano.a(lib_a-strtod.o)
 .text._strtod_r
                0x0800dbb0      0xc24 /usr/bin/../lib/gcc/arm-none-eabi/4.9.3/../../../../arm-none-eabi/lib/armv7e-m/softfp/libc_nano.a(lib_a-strtod.o)
                0x0800dbb0                _strtod_r
 .text._strtol_r
                0x0800e7d4      0x10c /usr/bin/../lib/gcc/arm-none-eabi/4.9.3/../../../../arm-none-eabi/lib/armv7e-m/softfp/libc_nano.a(lib_a-strtol.o)
                0x0800e7d4                _strtol_r
 .text.quorem   0x0800e8e0      0x11a /usr/bin/../lib/gcc/arm-none-eabi/4.9.3/../../../../arm-none-eabi/lib/armv7e-m/softfp/libc_nano.a(lib_a-dtoa.o)
 *fill*         0x0800e9fa        0x6 
 .text._dtoa_r  0x0800ea00      0xb88 /usr/bin/../lib/gcc/arm-none-eabi/4.9.3/../../../../arm-none-eabi/lib/armv7e-m/softfp/libc_nano.a(lib_a-dtoa.o)
                0x0800ea00                _dtoa_r
 .text._cleanup_r
                0x0800f588        0xc /usr/bin/../lib/gcc/arm-none-eabi/4.9.3/../../../../arm-none-eabi/lib/armv7e-m/softfp/libc_nano.a(lib_a-findfp.o)
                0x0800f588                _cleanup_r
 .text.std.isra.0
                0x0800f594       0x48 /usr/bin/../lib/gcc/arm-none-eabi/4.9.3/../../../../arm-none-eabi/lib/armv7e-m/softfp/libc_nano.a(lib_a-findfp.o)
 .text.__sfmoreglue
                0x0800f5dc       0x2c /usr/bin/../lib/gcc/arm-none-eabi/4.9.3/../../../../arm-none-eabi/lib/armv7e-m/softfp/libc_nano.a(lib_a-findfp.o)
                0x0800f5dc                __sfmoreglue
 .text.__sinit  0x0800f608       0x60 /usr/bin/../lib/gcc/arm-none-eabi/4.9.3/../../../../arm-none-eabi/lib/armv7e-m/softfp/libc_nano.a(lib_a-findfp.o)
                0x0800f608                __sinit
 .text.__sfp    0x0800f668       0x74 /usr/bin/../lib/gcc/arm-none-eabi/4.9.3/../../../../arm-none-eabi/lib/armv7e-m/softfp/libc_nano.a(lib_a-findfp.o)
                0x0800f668                __sfp
 .text._fwalk_reent
                0x0800f6dc       0x3c /usr/bin/../lib/gcc/arm-none-eabi/4.9.3/../../../../arm-none-eabi/lib/armv7e-m/softfp/libc_nano.a(lib_a-fwalk.o)
                0x0800f6dc                _fwalk_reent
 .text.rshift   0x0800f718       0x6c /usr/bin/../lib/gcc/arm-none-eabi/4.9.3/../../../../arm-none-eabi/lib/armv7e-m/softfp/libc_nano.a(lib_a-gdtoa-gethex.o)
 .text.__hexdig_fun
                0x0800f784       0x2a /usr/bin/../lib/gcc/arm-none-eabi/4.9.3/../../../../arm-none-eabi/lib/armv7e-m/softfp/libc_nano.a(lib_a-gdtoa-gethex.o)
                0x0800f784                __hexdig_fun
 .text.__gethex
                0x0800f7ae      0x44a /usr/bin/../lib/gcc/arm-none-eabi/4.9.3/../../../../arm-none-eabi/lib/armv7e-m/softfp/libc_nano.a(lib_a-gdtoa-gethex.o)
                0x0800f7ae                __gethex
 .text.L_shift  0x0800fbf8       0x24 /usr/bin/../lib/gcc/arm-none-eabi/4.9.3/../../../../arm-none-eabi/lib/armv7e-m/softfp/libc_nano.a(lib_a-gdtoa-hexnan.o)
 .text.__hexnan
                0x0800fc1c      0x114 /usr/bin/../lib/gcc/arm-none-eabi/4.9.3/../../../../arm-none-eabi/lib/armv7e-m/softfp/libc_nano.a(lib_a-gdtoa-hexnan.o)
                0x0800fc1c                __hexnan
 .text._localeconv_r
                0x0800fd30        0x8 /usr/bin/../lib/gcc/arm-none-eabi/4.9.3/../../../../arm-none-eabi/lib/armv7e-m/softfp/libc_nano.a(lib_a-locale.o)
                0x0800fd30                _localeconv_r
 .text.malloc   0x0800fd38       0x10 /usr/bin/../lib/gcc/arm-none-eabi/4.9.3/../../../../arm-none-eabi/lib/armv7e-m/softfp/libc_nano.a(lib_a-malloc.o)
                0x0800fd38                malloc
 .text.memchr   0x0800fd48       0x1e /usr/bin/../lib/gcc/arm-none-eabi/4.9.3/../../../../arm-none-eabi/lib/armv7e-m/softfp/libc_nano.a(lib_a-memchr.o)
                0x0800fd48                memchr
 .text.memcpy   0x0800fd66       0x16 /usr/bin/../lib/gcc/arm-none-eabi/4.9.3/../../../../arm-none-eabi/lib/armv7e-m/softfp/libc_nano.a(lib_a-memcpy.o)
                0x0800fd66                memcpy
 .text._Balloc  0x0800fd7c       0x6a /usr/bin/../lib/gcc/arm-none-eabi/4.9.3/../../../../arm-none-eabi/lib/armv7e-m/softfp/libc_nano.a(lib_a-mprec.o)
                0x0800fd7c                _Balloc
 .text._Bfree   0x0800fde6       0x2e /usr/bin/../lib/gcc/arm-none-eabi/4.9.3/../../../../arm-none-eabi/lib/armv7e-m/softfp/libc_nano.a(lib_a-mprec.o)
                0x0800fde6                _Bfree
 .text.__multadd
                0x0800fe14       0x7c /usr/bin/../lib/gcc/arm-none-eabi/4.9.3/../../../../arm-none-eabi/lib/armv7e-m/softfp/libc_nano.a(lib_a-mprec.o)
                0x0800fe14                __multadd
 .text.__s2b    0x0800fe90       0x80 /usr/bin/../lib/gcc/arm-none-eabi/4.9.3/../../../../arm-none-eabi/lib/armv7e-m/softfp/libc_nano.a(lib_a-mprec.o)
                0x0800fe90                __s2b
 .text.__hi0bits
                0x0800ff10       0x40 /usr/bin/../lib/gcc/arm-none-eabi/4.9.3/../../../../arm-none-eabi/lib/armv7e-m/softfp/libc_nano.a(lib_a-mprec.o)
                0x0800ff10                __hi0bits
 .text.__lo0bits
                0x0800ff50       0x5a /usr/bin/../lib/gcc/arm-none-eabi/4.9.3/../../../../arm-none-eabi/lib/armv7e-m/softfp/libc_nano.a(lib_a-mprec.o)
                0x0800ff50                __lo0bits
 .text.__i2b    0x0800ffaa       0x12 /usr/bin/../lib/gcc/arm-none-eabi/4.9.3/../../../../arm-none-eabi/lib/armv7e-m/softfp/libc_nano.a(lib_a-mprec.o)
                0x0800ffaa                __i2b
 .text.__multiply
                0x0800ffbc      0x122 /usr/bin/../lib/gcc/arm-none-eabi/4.9.3/../../../../arm-none-eabi/lib/armv7e-m/softfp/libc_nano.a(lib_a-mprec.o)
                0x0800ffbc                __multiply
 *fill*         0x080100de        0x2 
 .text.__pow5mult
                0x080100e0       0x9c /usr/bin/../lib/gcc/arm-none-eabi/4.9.3/../../../../arm-none-eabi/lib/armv7e-m/softfp/libc_nano.a(lib_a-mprec.o)
                0x080100e0                __pow5mult
 .text.__lshift
                0x0801017c       0xa6 /usr/bin/../lib/gcc/arm-none-eabi/4.9.3/../../../../arm-none-eabi/lib/armv7e-m/softfp/libc_nano.a(lib_a-mprec.o)
                0x0801017c                __lshift
 .text.__mcmp   0x08010222       0x38 /usr/bin/../lib/gcc/arm-none-eabi/4.9.3/../../../../arm-none-eabi/lib/armv7e-m/softfp/libc_nano.a(lib_a-mprec.o)
                0x08010222                __mcmp
 .text.__mdiff  0x0801025a       0xbe /usr/bin/../lib/gcc/arm-none-eabi/4.9.3/../../../../arm-none-eabi/lib/armv7e-m/softfp/libc_nano.a(lib_a-mprec.o)
                0x0801025a                __mdiff
 .text.__ulp    0x08010318       0x48 /usr/bin/../lib/gcc/arm-none-eabi/4.9.3/../../../../arm-none-eabi/lib/armv7e-m/softfp/libc_nano.a(lib_a-mprec.o)
                0x08010318                __ulp
 .text.__b2d    0x08010360       0x9e /usr/bin/../lib/gcc/arm-none-eabi/4.9.3/../../../../arm-none-eabi/lib/armv7e-m/softfp/libc_nano.a(lib_a-mprec.o)
                0x08010360                __b2d
 .text.__d2b    0x080103fe       0xa4 /usr/bin/../lib/gcc/arm-none-eabi/4.9.3/../../../../arm-none-eabi/lib/armv7e-m/softfp/libc_nano.a(lib_a-mprec.o)
                0x080103fe                __d2b
 .text.__ratio  0x080104a2       0x52 /usr/bin/../lib/gcc/arm-none-eabi/4.9.3/../../../../arm-none-eabi/lib/armv7e-m/softfp/libc_nano.a(lib_a-mprec.o)
                0x080104a2                __ratio
 .text.__copybits
                0x080104f4       0x34 /usr/bin/../lib/gcc/arm-none-eabi/4.9.3/../../../../arm-none-eabi/lib/armv7e-m/softfp/libc_nano.a(lib_a-mprec.o)
                0x080104f4                __copybits
 .text.__any_on
                0x08010528       0x44 /usr/bin/../lib/gcc/arm-none-eabi/4.9.3/../../../../arm-none-eabi/lib/armv7e-m/softfp/libc_nano.a(lib_a-mprec.o)
                0x08010528                __any_on
 .text._calloc_r
                0x0801056c       0x1c /usr/bin/../lib/gcc/arm-none-eabi/4.9.3/../../../../arm-none-eabi/lib/armv7e-m/softfp/libc_nano.a(lib_a-nano-callocr.o)
                0x0801056c                _calloc_r
 .text._free_r  0x08010588       0x88 /usr/bin/../lib/gcc/arm-none-eabi/4.9.3/../../../../arm-none-eabi/lib/armv7e-m/softfp/libc_nano.a(lib_a-nano-freer.o)
                0x08010588                _free_r
 .text._malloc_r
                0x08010610       0xac /usr/bin/../lib/gcc/arm-none-eabi/4.9.3/../../../../arm-none-eabi/lib/armv7e-m/softfp/libc_nano.a(lib_a-nano-mallocr.o)
                0x08010610                _malloc_r
 .text.__ssputs_r
                0x080106bc       0xb2 /usr/bin/../lib/gcc/arm-none-eabi/4.9.3/../../../../arm-none-eabi/lib/armv7e-m/softfp/libc_nano.a(lib_a-nano-svfprintf.o)
                0x080106bc                __ssputs_r
 *fill*         0x0801076e        0x2 
 .text._svfprintf_r
                0x08010770      0x1e4 /usr/bin/../lib/gcc/arm-none-eabi/4.9.3/../../../../arm-none-eabi/lib/armv7e-m/softfp/libc_nano.a(lib_a-nano-svfprintf.o)
                0x08010770                _svfprintf_r
                0x08010770                _svfiprintf_r
 .text.__sfputc_r
                0x08010954       0x2c /usr/bin/../lib/gcc/arm-none-eabi/4.9.3/../../../../arm-none-eabi/lib/armv7e-m/softfp/libc_nano.a(lib_a-nano-vfprintf.o)
 .text.__sfputs_r
                0x08010980       0x24 /usr/bin/../lib/gcc/arm-none-eabi/4.9.3/../../../../arm-none-eabi/lib/armv7e-m/softfp/libc_nano.a(lib_a-nano-vfprintf.o)
                0x08010980                __sfputs_r
 .text._vfprintf_r
                0x080109a4      0x210 /usr/bin/../lib/gcc/arm-none-eabi/4.9.3/../../../../arm-none-eabi/lib/armv7e-m/softfp/libc_nano.a(lib_a-nano-vfprintf.o)
                0x080109a4                _vfiprintf_r
                0x080109a4                _vfprintf_r
 .text._sbrk_r  0x08010bb4       0x20 /usr/bin/../lib/gcc/arm-none-eabi/4.9.3/../../../../arm-none-eabi/lib/armv7e-m/softfp/libc_nano.a(lib_a-sbrkr.o)
                0x08010bb4                _sbrk_r
 .text.__sread  0x08010bd4       0x22 /usr/bin/../lib/gcc/arm-none-eabi/4.9.3/../../../../arm-none-eabi/lib/armv7e-m/softfp/libc_nano.a(lib_a-stdio.o)
                0x08010bd4                __sread
 .text.__swrite
                0x08010bf6       0x38 /usr/bin/../lib/gcc/arm-none-eabi/4.9.3/../../../../arm-none-eabi/lib/armv7e-m/softfp/libc_nano.a(lib_a-stdio.o)
                0x08010bf6                __swrite
 .text.__sseek  0x08010c2e       0x24 /usr/bin/../lib/gcc/arm-none-eabi/4.9.3/../../../../arm-none-eabi/lib/armv7e-m/softfp/libc_nano.a(lib_a-stdio.o)
                0x08010c2e                __sseek
 .text.__sclose
                0x08010c52        0x8 /usr/bin/../lib/gcc/arm-none-eabi/4.9.3/../../../../arm-none-eabi/lib/armv7e-m/softfp/libc_nano.a(lib_a-stdio.o)
                0x08010c52                __sclose
 .text.strncmp  0x08010c5a       0x34 /usr/bin/../lib/gcc/arm-none-eabi/4.9.3/../../../../arm-none-eabi/lib/armv7e-m/softfp/libc_nano.a(lib_a-strncmp.o)
                0x08010c5a                strncmp
 *fill*         0x08010c8e        0x2 
 .text.__swbuf_r
                0x08010c90       0xa8 /usr/bin/../lib/gcc/arm-none-eabi/4.9.3/../../../../arm-none-eabi/lib/armv7e-m/softfp/libc_nano.a(lib_a-wbuf.o)
                0x08010c90                __swbuf_r
 .text._write_r
                0x08010d38       0x24 /usr/bin/../lib/gcc/arm-none-eabi/4.9.3/../../../../arm-none-eabi/lib/armv7e-m/softfp/libc_nano.a(lib_a-writer.o)
                0x08010d38                _write_r
 .text.__swsetup_r
                0x08010d5c       0xd8 /usr/bin/../lib/gcc/arm-none-eabi/4.9.3/../../../../arm-none-eabi/lib/armv7e-m/softfp/libc_nano.a(lib_a-wsetup.o)
                0x08010d5c                __swsetup_r
 .text._close_r
                0x08010e34       0x20 /usr/bin/../lib/gcc/arm-none-eabi/4.9.3/../../../../arm-none-eabi/lib/armv7e-m/softfp/libc_nano.a(lib_a-closer.o)
                0x08010e34                _close_r
 .text.__sflush_r
                0x08010e54      0x108 /usr/bin/../lib/gcc/arm-none-eabi/4.9.3/../../../../arm-none-eabi/lib/armv7e-m/softfp/libc_nano.a(lib_a-fflush.o)
                0x08010e54                __sflush_r
 .text._fflush_r
                0x08010f5c       0x54 /usr/bin/../lib/gcc/arm-none-eabi/4.9.3/../../../../arm-none-eabi/lib/armv7e-m/softfp/libc_nano.a(lib_a-fflush.o)
                0x08010f5c                _fflush_r
 .text._lseek_r
                0x08010fb0       0x24 /usr/bin/../lib/gcc/arm-none-eabi/4.9.3/../../../../arm-none-eabi/lib/armv7e-m/softfp/libc_nano.a(lib_a-lseekr.o)
                0x08010fb0                _lseek_r
 .text.__smakebuf_r
                0x08010fd4       0x9c /usr/bin/../lib/gcc/arm-none-eabi/4.9.3/../../../../arm-none-eabi/lib/armv7e-m/softfp/libc_nano.a(lib_a-makebuf.o)
                0x08010fd4                __smakebuf_r
 .text.memmove  0x08011070       0x36 /usr/bin/../lib/gcc/arm-none-eabi/4.9.3/../../../../arm-none-eabi/lib/armv7e-m/softfp/libc_nano.a(lib_a-memmove.o)
                0x08011070                memmove
 .text._realloc_r
                0x080110a6       0x4c /usr/bin/../lib/gcc/arm-none-eabi/4.9.3/../../../../arm-none-eabi/lib/armv7e-m/softfp/libc_nano.a(lib_a-nano-reallocr.o)
                0x080110a6                _realloc_r
 *fill*         0x080110f2        0x2 
 .text._read_r  0x080110f4       0x24 /usr/bin/../lib/gcc/arm-none-eabi/4.9.3/../../../../arm-none-eabi/lib/armv7e-m/softfp/libc_nano.a(lib_a-readr.o)
                0x080110f4                _read_r
 .text._fstat_r
                0x08011118       0x24 /usr/bin/../lib/gcc/arm-none-eabi/4.9.3/../../../../arm-none-eabi/lib/armv7e-m/softfp/libc_nano.a(lib_a-fstatr.o)
                0x08011118                _fstat_r
 .text._isatty_r
                0x0801113c       0x20 /usr/bin/../lib/gcc/arm-none-eabi/4.9.3/../../../../arm-none-eabi/lib/armv7e-m/softfp/libc_nano.a(lib_a-isattyr.o)
                0x0801113c                _isatty_r
 .text._malloc_usable_size_r
                0x0801115c       0x14 /usr/bin/../lib/gcc/arm-none-eabi/4.9.3/../../../../arm-none-eabi/lib/armv7e-m/softfp/libc_nano.a(lib_a-nano-msizer.o)
                0x0801115c                _malloc_usable_size_r
 .text._close   0x08011170       0x10 /usr/bin/../lib/gcc/arm-none-eabi/4.9.3/../../../../arm-none-eabi/lib/armv7e-m/softfp/libnosys.a(close.o)
                0x08011170                _close
 .text._fstat   0x08011180       0x10 /usr/bin/../lib/gcc/arm-none-eabi/4.9.3/../../../../arm-none-eabi/lib/armv7e-m/softfp/libnosys.a(fstat.o)
                0x08011180                _fstat
 .text._isatty  0x08011190       0x10 /usr/bin/../lib/gcc/arm-none-eabi/4.9.3/../../../../arm-none-eabi/lib/armv7e-m/softfp/libnosys.a(isatty.o)
                0x08011190                _isatty
 .text._lseek   0x080111a0       0x10 /usr/bin/../lib/gcc/arm-none-eabi/4.9.3/../../../../arm-none-eabi/lib/armv7e-m/softfp/libnosys.a(lseek.o)
                0x080111a0                _lseek
 .text._sbrk    0x080111b0       0x1c /usr/bin/../lib/gcc/arm-none-eabi/4.9.3/../../../../arm-none-eabi/lib/armv7e-m/softfp/libnosys.a(sbrk.o)
                0x080111b0                _sbrk
 *(.rodata)
 .rodata        0x080111cc       0x39 GCC-ARM/Output/main.o
 *fill*         0x08011205        0x3 
 .rodata        0x08011208       0x38 GCC-ARM/Output/stm32f4xx_hal_cortex.o
 .rodata        0x08011240       0x35 GCC-ARM/Output/stm32f4xx_hal_dma.o
 *fill*         0x08011275        0x3 
 .rodata        0x08011278       0x45 GCC-ARM/Output/stm32f4xx_hal_rcc.o
                0x08011278                APBAHBPrescTable
 *fill*         0x080112bd        0x3 
 .rodata        0x080112c0       0x36 GCC-ARM/Output/stm32f4xx_hal_gpio.o
 *fill*         0x080112f6        0x2 
 .rodata        0x080112f8       0x37 GCC-ARM/Output/stm32f4xx_hal_usart.o
 *(.rodata*)
 .rodata.str1.1
                0x0801132f        0x2 /usr/bin/../lib/gcc/arm-none-eabi/4.9.3/../../../../arm-none-eabi/lib/armv7e-m/softfp/libc_nano.a(lib_a-impure.o)
 *fill*         0x08011331        0x3 
 .rodata._global_impure_ptr
                0x08011334        0x4 /usr/bin/../lib/gcc/arm-none-eabi/4.9.3/../../../../arm-none-eabi/lib/armv7e-m/softfp/libc_nano.a(lib_a-impure.o)
                0x08011334                _global_impure_ptr
 .rodata.str1.1
                0x08011338       0x12 /usr/bin/../lib/gcc/arm-none-eabi/4.9.3/../../../../arm-none-eabi/lib/armv7e-m/softfp/libc_nano.a(lib_a-nano-vfprintf_float.o)
 .rodata.str1.1
                0x0801134a       0x22 /usr/bin/../lib/gcc/arm-none-eabi/4.9.3/../../../../arm-none-eabi/lib/armv7e-m/softfp/libc_nano.a(lib_a-nano-vfprintf_i.o)
 .rodata.str1.1
                0x0801136c        0x5 /usr/bin/../lib/gcc/arm-none-eabi/4.9.3/../../../../arm-none-eabi/lib/armv7e-m/softfp/libc_nano.a(lib_a-nano-vfscanf_float.o)
 .rodata.str1.1
                0x00000000        0x5 /usr/bin/../lib/gcc/arm-none-eabi/4.9.3/../../../../arm-none-eabi/lib/armv7e-m/softfp/libc_nano.a(lib_a-strtod.o)
                                  0xc (size before relaxing)
 *fill*         0x08011371        0x3 
 .rodata.fpinan.5315
                0x08011374       0x14 /usr/bin/../lib/gcc/arm-none-eabi/4.9.3/../../../../arm-none-eabi/lib/armv7e-m/softfp/libc_nano.a(lib_a-strtod.o)
 .rodata.tinytens
                0x08011388       0x28 /usr/bin/../lib/gcc/arm-none-eabi/4.9.3/../../../../arm-none-eabi/lib/armv7e-m/softfp/libc_nano.a(lib_a-strtod.o)
 .rodata.fpi.5279
                0x080113b0       0x14 /usr/bin/../lib/gcc/arm-none-eabi/4.9.3/../../../../arm-none-eabi/lib/armv7e-m/softfp/libc_nano.a(lib_a-strtod.o)
 .rodata._ctype_
                0x080113c4      0x101 /usr/bin/../lib/gcc/arm-none-eabi/4.9.3/../../../../arm-none-eabi/lib/armv7e-m/softfp/libc_nano.a(lib_a-ctype_.o)
                0x080113c4                _ctype_
 .rodata.str1.1
                0x080114c5        0xd /usr/bin/../lib/gcc/arm-none-eabi/4.9.3/../../../../arm-none-eabi/lib/armv7e-m/softfp/libc_nano.a(lib_a-dtoa.o)
                                  0xf (size before relaxing)
 *fill*         0x080114d2        0x2 
 .rodata.__sf_fake_stdin
                0x080114d4       0x20 /usr/bin/../lib/gcc/arm-none-eabi/4.9.3/../../../../arm-none-eabi/lib/armv7e-m/softfp/libc_nano.a(lib_a-findfp.o)
                0x080114d4                __sf_fake_stdin
 .rodata.__sf_fake_stdout
                0x080114f4       0x20 /usr/bin/../lib/gcc/arm-none-eabi/4.9.3/../../../../arm-none-eabi/lib/armv7e-m/softfp/libc_nano.a(lib_a-findfp.o)
                0x080114f4                __sf_fake_stdout
 .rodata.__sf_fake_stderr
                0x08011514       0x20 /usr/bin/../lib/gcc/arm-none-eabi/4.9.3/../../../../arm-none-eabi/lib/armv7e-m/softfp/libc_nano.a(lib_a-findfp.o)
                0x08011514                __sf_fake_stderr
 .rodata.str1.1
                0x08011534        0x8 /usr/bin/../lib/gcc/arm-none-eabi/4.9.3/../../../../arm-none-eabi/lib/armv7e-m/softfp/libc_nano.a(lib_a-locale.o)
                                  0xb (size before relaxing)
 *fill*         0x0801153c        0x4 
 .rodata.__mprec_tens
                0x08011540       0xc8 /usr/bin/../lib/gcc/arm-none-eabi/4.9.3/../../../../arm-none-eabi/lib/armv7e-m/softfp/libc_nano.a(lib_a-mprec.o)
                0x08011540                __mprec_tens
 .rodata.__mprec_bigtens
                0x08011608       0x28 /usr/bin/../lib/gcc/arm-none-eabi/4.9.3/../../../../arm-none-eabi/lib/armv7e-m/softfp/libc_nano.a(lib_a-mprec.o)
                0x08011608                __mprec_bigtens
 .rodata.p05.5314
                0x08011630        0xc /usr/bin/../lib/gcc/arm-none-eabi/4.9.3/../../../../arm-none-eabi/lib/armv7e-m/softfp/libc_nano.a(lib_a-mprec.o)
 .rodata.str1.1
                0x0801163c       0x11 /usr/bin/../lib/gcc/arm-none-eabi/4.9.3/../../../../arm-none-eabi/lib/armv7e-m/softfp/libc_nano.a(lib_a-nano-svfprintf.o)
 .rodata.str1.1
                0x00000000       0x11 /usr/bin/../lib/gcc/arm-none-eabi/4.9.3/../../../../arm-none-eabi/lib/armv7e-m/softfp/libc_nano.a(lib_a-nano-vfprintf.o)
 *(.glue_7)
 .glue_7        0x00000000        0x0 linker stubs
 *(.glue_7t)
 .glue_7t       0x00000000        0x0 linker stubs
 *(.eh_frame)
 *fill*         0x0801164d        0x3 
 .eh_frame      0x08011650        0x0 /usr/bin/../lib/gcc/arm-none-eabi/4.9.3/armv7e-m/softfp/crtbegin.o
 *(.init)
 .init          0x08011650        0x4 /usr/bin/../lib/gcc/arm-none-eabi/4.9.3/armv7e-m/softfp/crti.o
                0x08011650                _init
 .init          0x08011654        0x8 /usr/bin/../lib/gcc/arm-none-eabi/4.9.3/armv7e-m/softfp/crtn.o
 *(.fini)
 .fini          0x0801165c        0x4 /usr/bin/../lib/gcc/arm-none-eabi/4.9.3/armv7e-m/softfp/crti.o
                0x0801165c                _fini
 .fini          0x08011660        0x8 /usr/bin/../lib/gcc/arm-none-eabi/4.9.3/armv7e-m/softfp/crtn.o
                0x08011668                . = ALIGN (0x4)
                0x08011668                _etext = .
                0x08011668                _exit = .

.vfp11_veneer   0x08011668        0x0
 .vfp11_veneer  0x00000000        0x0 linker stubs

.v4_bx          0x08011668        0x0
 .v4_bx         0x00000000        0x0 linker stubs

.iplt           0x08011668        0x0
 .iplt          0x00000000        0x0 /usr/bin/../lib/gcc/arm-none-eabi/4.9.3/armv7e-m/softfp/crtbegin.o

.rel.dyn        0x08011668        0x0
 .rel.iplt      0x00000000        0x0 /usr/bin/../lib/gcc/arm-none-eabi/4.9.3/armv7e-m/softfp/crtbegin.o

.ARM.extab
 *(.ARM.extab* .gnu.linkonce.armextab.*)

.ARM            0x08011668        0x0
                0x08011668                __exidx_start = .
 *(.ARM.exidx*)
                0x08011668                __exidx_end = .

.preinit_array  0x08011668        0x0
                0x08011668                PROVIDE (__preinit_array_start, .)
 *(.preinit_array*)
                0x08011668                PROVIDE (__preinit_array_end, .)

.init_array     0x08011668        0x4
                0x08011668                PROVIDE (__init_array_start, .)
 *(SORT(.init_array.*))
 *(.init_array*)
 .init_array    0x08011668        0x4 /usr/bin/../lib/gcc/arm-none-eabi/4.9.3/armv7e-m/softfp/crtbegin.o
                0x0801166c                PROVIDE (__init_array_end, .)

.fini_array     0x0801166c        0x4
                0x0801166c                PROVIDE (__fini_array_start, .)
 *(.fini_array*)
 .fini_array    0x0801166c        0x4 /usr/bin/../lib/gcc/arm-none-eabi/4.9.3/armv7e-m/softfp/crtbegin.o
 *(SORT(.fini_array.*))
                0x08011670                PROVIDE (__fini_array_end, .)
                0x08011670                _sidata = .

.data           0x20000000       0xb4 load address 0x08011670
                0x20000000                . = ALIGN (0x4)
                0x20000000                _sdata = .
 *(.data)
 .data          0x20000000       0x14 GCC-ARM/Output/system_stm32f4xx.o
                0x20000000                SystemCoreClock
                0x20000004                AHBPrescTable
 *(.data*)
 .data.impure_data
                0x20000014       0x60 /usr/bin/../lib/gcc/arm-none-eabi/4.9.3/../../../../arm-none-eabi/lib/armv7e-m/softfp/libc_nano.a(lib_a-impure.o)
 .data._impure_ptr
                0x20000074        0x4 /usr/bin/../lib/gcc/arm-none-eabi/4.9.3/../../../../arm-none-eabi/lib/armv7e-m/softfp/libc_nano.a(lib_a-impure.o)
                0x20000074                _impure_ptr
 .data.__ctype_ptr__
                0x20000078        0x4 /usr/bin/../lib/gcc/arm-none-eabi/4.9.3/../../../../arm-none-eabi/lib/armv7e-m/softfp/libc_nano.a(lib_a-ctype_.o)
                0x20000078                __ctype_ptr__
 .data.lconv    0x2000007c       0x38 /usr/bin/../lib/gcc/arm-none-eabi/4.9.3/../../../../arm-none-eabi/lib/armv7e-m/softfp/libc_nano.a(lib_a-locale.o)
                0x200000b4                . = ALIGN (0x4)
                0x200000b4                _edata = .

.jcr            0x200000b4        0x0 load address 0x08011724
 .jcr           0x200000b4        0x0 /usr/bin/../lib/gcc/arm-none-eabi/4.9.3/armv7e-m/softfp/crtbegin.o

.igot.plt       0x200000b4        0x0 load address 0x08011724
 .igot.plt      0x00000000        0x0 /usr/bin/../lib/gcc/arm-none-eabi/4.9.3/armv7e-m/softfp/crtbegin.o
                0x200000b4                . = ALIGN (0x4)

.bss            0x200000b4       0x78 load address 0x08011724
                0x200000b4                _sbss = .
                0x200000b4                __bss_start__ = _sbss
 *(.bss)
 .bss           0x200000b4       0x1c /usr/bin/../lib/gcc/arm-none-eabi/4.9.3/armv7e-m/softfp/crtbegin.o
 .bss           0x200000d0        0x1 GCC-ARM/Output/main.o
 *fill*         0x200000d1        0x3 
 .bss           0x200000d4        0x4 GCC-ARM/Output/stm32f4xx_hal.o
 .bss           0x200000d8       0x44 GCC-ARM/Output/retarget.o
 *(.bss*)
 .bss.__malloc_sbrk_start
                0x2000011c        0x4 /usr/bin/../lib/gcc/arm-none-eabi/4.9.3/../../../../arm-none-eabi/lib/armv7e-m/softfp/libc_nano.a(lib_a-nano-mallocr.o)
                0x2000011c                __malloc_sbrk_start
 .bss.__malloc_free_list
                0x20000120        0x4 /usr/bin/../lib/gcc/arm-none-eabi/4.9.3/../../../../arm-none-eabi/lib/armv7e-m/softfp/libc_nano.a(lib_a-nano-mallocr.o)
                0x20000120                __malloc_free_list
 .bss.heap_end.4079
                0x20000124        0x4 /usr/bin/../lib/gcc/arm-none-eabi/4.9.3/../../../../arm-none-eabi/lib/armv7e-m/softfp/libnosys.a(sbrk.o)
 *(COMMON)
 COMMON         0x20000128        0x4 /usr/bin/../lib/gcc/arm-none-eabi/4.9.3/../../../../arm-none-eabi/lib/armv7e-m/softfp/libc_nano.a(lib_a-reent.o)
                0x20000128                errno
                0x2000012c                . = ALIGN (0x4)
                0x2000012c                _ebss = .
                0x2000012c                __bss_end__ = _ebss

._user_heap_stack
                0x2000012c      0x400 load address 0x0801179c
                0x2000012c                . = ALIGN (0x4)
                0x2000012c                PROVIDE (end, .)
                0x2000012c                PROVIDE (_end, .)
                0x2000012c                . = (. + _Min_Heap_Size)
                0x2000052c                . = (. + _Min_Stack_Size)
 *fill*         0x2000012c      0x400 
                0x2000052c                . = ALIGN (0x4)

.memory_b1_text
 *(.mb1text)
 *(.mb1text*)
 *(.mb1rodata)
 *(.mb1rodata*)

/DISCARD/
 libc.a(*)
 libm.a(*)
 libgcc.a(*)

.ARM.attributes
                0x00000000       0x2e
 *(.ARM.attributes)
 .ARM.attributes
                0x00000000       0x22 /usr/bin/../lib/gcc/arm-none-eabi/4.9.3/armv7e-m/softfp/crti.o
 .ARM.attributes
                0x00000022       0x32 /usr/bin/../lib/gcc/arm-none-eabi/4.9.3/armv7e-m/softfp/crtbegin.o
 .ARM.attributes
                0x00000054       0x37 GCC-ARM/Output/system_stm32f4xx.o
 .ARM.attributes
                0x0000008b       0x37 GCC-ARM/Output/main.o
 .ARM.attributes
                0x000000c2       0x37 GCC-ARM/Output/stm32f4xx_hal_msp.o
 .ARM.attributes
                0x000000f9       0x37 GCC-ARM/Output/stm32f4xx_it.o
 .ARM.attributes
                0x00000130       0x37 GCC-ARM/Output/stm32f4xx_hal.o
 .ARM.attributes
                0x00000167       0x37 GCC-ARM/Output/stm32f4xx_hal_cortex.o
 .ARM.attributes
                0x0000019e       0x37 GCC-ARM/Output/stm32f4xx_hal_dma.o
 .ARM.attributes
                0x000001d5       0x37 GCC-ARM/Output/stm32f4xx_hal_rcc.o
 .ARM.attributes
                0x0000020c       0x37 GCC-ARM/Output/stm32f4xx_hal_gpio.o
 .ARM.attributes
                0x00000243       0x37 GCC-ARM/Output/stm32f4xx_hal_usart.o
 .ARM.attributes
                0x0000027a       0x37 GCC-ARM/Output/retarget.o
 .ARM.attributes
                0x000002b1       0x21 GCC-ARM/Output/GCC-ARM/startup_stm32f407xx.o
 .ARM.attributes
                0x000002d2       0x32 /usr/bin/../lib/gcc/arm-none-eabi/4.9.3/../../../../arm-none-eabi/lib/armv7e-m/softfp/libc_nano.a(lib_a-impure.o)
 .ARM.attributes
                0x00000304       0x32 /usr/bin/../lib/gcc/arm-none-eabi/4.9.3/../../../../arm-none-eabi/lib/armv7e-m/softfp/libc_nano.a(lib_a-init.o)
 .ARM.attributes
                0x00000336       0x32 /usr/bin/../lib/gcc/arm-none-eabi/4.9.3/../../../../arm-none-eabi/lib/armv7e-m/softfp/libc_nano.a(lib_a-memset.o)
 .ARM.attributes
                0x00000368       0x32 /usr/bin/../lib/gcc/arm-none-eabi/4.9.3/../../../../arm-none-eabi/lib/armv7e-m/softfp/libc_nano.a(lib_a-nano-vfprintf_float.o)
 .ARM.attributes
                0x0000039a       0x32 /usr/bin/../lib/gcc/arm-none-eabi/4.9.3/../../../../arm-none-eabi/lib/armv7e-m/softfp/libc_nano.a(lib_a-nano-vfprintf_i.o)
 .ARM.attributes
                0x000003cc       0x32 /usr/bin/../lib/gcc/arm-none-eabi/4.9.3/../../../../arm-none-eabi/lib/armv7e-m/softfp/libc_nano.a(lib_a-nano-vfscanf_float.o)
 .ARM.attributes
                0x000003fe       0x32 /usr/bin/../lib/gcc/arm-none-eabi/4.9.3/../../../../arm-none-eabi/lib/armv7e-m/softfp/libc_nano.a(lib_a-printf.o)
 .ARM.attributes
                0x00000430       0x32 /usr/bin/../lib/gcc/arm-none-eabi/4.9.3/../../../../arm-none-eabi/lib/armv7e-m/softfp/libc_nano.a(lib_a-s_fpclassify.o)
 .ARM.attributes
                0x00000462       0x32 /usr/bin/../lib/gcc/arm-none-eabi/4.9.3/../../../../arm-none-eabi/lib/armv7e-m/softfp/libc_nano.a(lib_a-sf_nan.o)
 .ARM.attributes
                0x00000494       0x32 /usr/bin/../lib/gcc/arm-none-eabi/4.9.3/../../../../arm-none-eabi/lib/armv7e-m/softfp/libc_nano.a(lib_a-sprintf.o)
 .ARM.attributes
                0x000004c6       0x32 /usr/bin/../lib/gcc/arm-none-eabi/4.9.3/../../../../arm-none-eabi/lib/armv7e-m/softfp/libc_nano.a(lib_a-strlen.o)
 .ARM.attributes
                0x000004f8       0x32 /usr/bin/../lib/gcc/arm-none-eabi/4.9.3/../../../../arm-none-eabi/lib/armv7e-m/softfp/libc_nano.a(lib_a-strtod.o)
 .ARM.attributes
                0x0000052a       0x32 /usr/bin/../lib/gcc/arm-none-eabi/4.9.3/../../../../arm-none-eabi/lib/armv7e-m/softfp/libc_nano.a(lib_a-strtol.o)
 .ARM.attributes
                0x0000055c       0x32 /usr/bin/../lib/gcc/arm-none-eabi/4.9.3/../../../../arm-none-eabi/lib/armv7e-m/softfp/libc_nano.a(lib_a-ctype_.o)
 .ARM.attributes
                0x0000058e       0x32 /usr/bin/../lib/gcc/arm-none-eabi/4.9.3/../../../../arm-none-eabi/lib/armv7e-m/softfp/libc_nano.a(lib_a-dtoa.o)
 .ARM.attributes
                0x000005c0       0x32 /usr/bin/../lib/gcc/arm-none-eabi/4.9.3/../../../../arm-none-eabi/lib/armv7e-m/softfp/libc_nano.a(lib_a-findfp.o)
 .ARM.attributes
                0x000005f2       0x32 /usr/bin/../lib/gcc/arm-none-eabi/4.9.3/../../../../arm-none-eabi/lib/armv7e-m/softfp/libc_nano.a(lib_a-fwalk.o)
 .ARM.attributes
                0x00000624       0x32 /usr/bin/../lib/gcc/arm-none-eabi/4.9.3/../../../../arm-none-eabi/lib/armv7e-m/softfp/libc_nano.a(lib_a-gdtoa-gethex.o)
 .ARM.attributes
                0x00000656       0x32 /usr/bin/../lib/gcc/arm-none-eabi/4.9.3/../../../../arm-none-eabi/lib/armv7e-m/softfp/libc_nano.a(lib_a-gdtoa-hexnan.o)
 .ARM.attributes
                0x00000688       0x32 /usr/bin/../lib/gcc/arm-none-eabi/4.9.3/../../../../arm-none-eabi/lib/armv7e-m/softfp/libc_nano.a(lib_a-locale.o)
 .ARM.attributes
                0x000006ba       0x32 /usr/bin/../lib/gcc/arm-none-eabi/4.9.3/../../../../arm-none-eabi/lib/armv7e-m/softfp/libc_nano.a(lib_a-malloc.o)
 .ARM.attributes
                0x000006ec       0x32 /usr/bin/../lib/gcc/arm-none-eabi/4.9.3/../../../../arm-none-eabi/lib/armv7e-m/softfp/libc_nano.a(lib_a-memchr.o)
 .ARM.attributes
                0x0000071e       0x32 /usr/bin/../lib/gcc/arm-none-eabi/4.9.3/../../../../arm-none-eabi/lib/armv7e-m/softfp/libc_nano.a(lib_a-memcpy.o)
 .ARM.attributes
                0x00000750       0x32 /usr/bin/../lib/gcc/arm-none-eabi/4.9.3/../../../../arm-none-eabi/lib/armv7e-m/softfp/libc_nano.a(lib_a-mprec.o)
 .ARM.attributes
                0x00000782       0x32 /usr/bin/../lib/gcc/arm-none-eabi/4.9.3/../../../../arm-none-eabi/lib/armv7e-m/softfp/libc_nano.a(lib_a-nano-callocr.o)
 .ARM.attributes
                0x000007b4       0x32 /usr/bin/../lib/gcc/arm-none-eabi/4.9.3/../../../../arm-none-eabi/lib/armv7e-m/softfp/libc_nano.a(lib_a-nano-freer.o)
 .ARM.attributes
                0x000007e6       0x32 /usr/bin/../lib/gcc/arm-none-eabi/4.9.3/../../../../arm-none-eabi/lib/armv7e-m/softfp/libc_nano.a(lib_a-nano-mallocr.o)
 .ARM.attributes
                0x00000818       0x32 /usr/bin/../lib/gcc/arm-none-eabi/4.9.3/../../../../arm-none-eabi/lib/armv7e-m/softfp/libc_nano.a(lib_a-nano-svfprintf.o)
 .ARM.attributes
                0x0000084a       0x32 /usr/bin/../lib/gcc/arm-none-eabi/4.9.3/../../../../arm-none-eabi/lib/armv7e-m/softfp/libc_nano.a(lib_a-nano-vfprintf.o)
 .ARM.attributes
                0x0000087c       0x32 /usr/bin/../lib/gcc/arm-none-eabi/4.9.3/../../../../arm-none-eabi/lib/armv7e-m/softfp/libc_nano.a(lib_a-sbrkr.o)
 .ARM.attributes
                0x000008ae       0x32 /usr/bin/../lib/gcc/arm-none-eabi/4.9.3/../../../../arm-none-eabi/lib/armv7e-m/softfp/libc_nano.a(lib_a-stdio.o)
 .ARM.attributes
                0x000008e0       0x32 /usr/bin/../lib/gcc/arm-none-eabi/4.9.3/../../../../arm-none-eabi/lib/armv7e-m/softfp/libc_nano.a(lib_a-strncmp.o)
 .ARM.attributes
                0x00000912       0x32 /usr/bin/../lib/gcc/arm-none-eabi/4.9.3/../../../../arm-none-eabi/lib/armv7e-m/softfp/libc_nano.a(lib_a-wbuf.o)
 .ARM.attributes
                0x00000944       0x32 /usr/bin/../lib/gcc/arm-none-eabi/4.9.3/../../../../arm-none-eabi/lib/armv7e-m/softfp/libc_nano.a(lib_a-writer.o)
 .ARM.attributes
                0x00000976       0x32 /usr/bin/../lib/gcc/arm-none-eabi/4.9.3/../../../../arm-none-eabi/lib/armv7e-m/softfp/libc_nano.a(lib_a-wsetup.o)
 .ARM.attributes
                0x000009a8       0x32 /usr/bin/../lib/gcc/arm-none-eabi/4.9.3/../../../../arm-none-eabi/lib/armv7e-m/softfp/libc_nano.a(lib_a-closer.o)
 .ARM.attributes
                0x000009da       0x32 /usr/bin/../lib/gcc/arm-none-eabi/4.9.3/../../../../arm-none-eabi/lib/armv7e-m/softfp/libc_nano.a(lib_a-fflush.o)
 .ARM.attributes
                0x00000a0c       0x32 /usr/bin/../lib/gcc/arm-none-eabi/4.9.3/../../../../arm-none-eabi/lib/armv7e-m/softfp/libc_nano.a(lib_a-lseekr.o)
 .ARM.attributes
                0x00000a3e       0x32 /usr/bin/../lib/gcc/arm-none-eabi/4.9.3/../../../../arm-none-eabi/lib/armv7e-m/softfp/libc_nano.a(lib_a-makebuf.o)
 .ARM.attributes
                0x00000a70       0x32 /usr/bin/../lib/gcc/arm-none-eabi/4.9.3/../../../../arm-none-eabi/lib/armv7e-m/softfp/libc_nano.a(lib_a-memmove.o)
 .ARM.attributes
                0x00000aa2       0x32 /usr/bin/../lib/gcc/arm-none-eabi/4.9.3/../../../../arm-none-eabi/lib/armv7e-m/softfp/libc_nano.a(lib_a-nano-reallocr.o)
 .ARM.attributes
                0x00000ad4       0x32 /usr/bin/../lib/gcc/arm-none-eabi/4.9.3/../../../../arm-none-eabi/lib/armv7e-m/softfp/libc_nano.a(lib_a-readr.o)
 .ARM.attributes
                0x00000b06       0x32 /usr/bin/../lib/gcc/arm-none-eabi/4.9.3/../../../../arm-none-eabi/lib/armv7e-m/softfp/libc_nano.a(lib_a-reent.o)
 .ARM.attributes
                0x00000b38       0x32 /usr/bin/../lib/gcc/arm-none-eabi/4.9.3/../../../../arm-none-eabi/lib/armv7e-m/softfp/libc_nano.a(lib_a-fstatr.o)
 .ARM.attributes
                0x00000b6a       0x32 /usr/bin/../lib/gcc/arm-none-eabi/4.9.3/../../../../arm-none-eabi/lib/armv7e-m/softfp/libc_nano.a(lib_a-isattyr.o)
 .ARM.attributes
                0x00000b9c       0x32 /usr/bin/../lib/gcc/arm-none-eabi/4.9.3/../../../../arm-none-eabi/lib/armv7e-m/softfp/libc_nano.a(lib_a-nano-msizer.o)
 .ARM.attributes
                0x00000bce       0x22 /usr/bin/../lib/gcc/arm-none-eabi/4.9.3/armv7e-m/softfp/libgcc.a(_arm_addsubdf3.o)
 .ARM.attributes
                0x00000bf0       0x22 /usr/bin/../lib/gcc/arm-none-eabi/4.9.3/armv7e-m/softfp/libgcc.a(_arm_muldivdf3.o)
 .ARM.attributes
                0x00000c12       0x22 /usr/bin/../lib/gcc/arm-none-eabi/4.9.3/armv7e-m/softfp/libgcc.a(_arm_cmpdf2.o)
 .ARM.attributes
                0x00000c34       0x22 /usr/bin/../lib/gcc/arm-none-eabi/4.9.3/armv7e-m/softfp/libgcc.a(_arm_fixdfsi.o)
 .ARM.attributes
                0x00000c56       0x22 /usr/bin/../lib/gcc/arm-none-eabi/4.9.3/armv7e-m/softfp/libgcc.a(_arm_fixunsdfsi.o)
 .ARM.attributes
                0x00000c78       0x22 /usr/bin/../lib/gcc/arm-none-eabi/4.9.3/armv7e-m/softfp/libgcc.a(_arm_truncdfsf2.o)
 .ARM.attributes
                0x00000c9a       0x32 /usr/bin/../lib/gcc/arm-none-eabi/4.9.3/../../../../arm-none-eabi/lib/armv7e-m/softfp/libnosys.a(close.o)
 .ARM.attributes
                0x00000ccc       0x32 /usr/bin/../lib/gcc/arm-none-eabi/4.9.3/../../../../arm-none-eabi/lib/armv7e-m/softfp/libnosys.a(fstat.o)
 .ARM.attributes
                0x00000cfe       0x32 /usr/bin/../lib/gcc/arm-none-eabi/4.9.3/../../../../arm-none-eabi/lib/armv7e-m/softfp/libnosys.a(isatty.o)
 .ARM.attributes
                0x00000d30       0x32 /usr/bin/../lib/gcc/arm-none-eabi/4.9.3/../../../../arm-none-eabi/lib/armv7e-m/softfp/libnosys.a(lseek.o)
 .ARM.attributes
                0x00000d62       0x32 /usr/bin/../lib/gcc/arm-none-eabi/4.9.3/../../../../arm-none-eabi/lib/armv7e-m/softfp/libnosys.a(sbrk.o)
 .ARM.attributes
                0x00000d94       0x22 /usr/bin/../lib/gcc/arm-none-eabi/4.9.3/armv7e-m/softfp/crtn.o
OUTPUT(Templates.elf elf32-littlearm)

.debug_info     0x00000000     0x590d
 .debug_info    0x00000000      0x4a5 GCC-ARM/Output/system_stm32f4xx.o
 .debug_info    0x000004a5      0x682 GCC-ARM/Output/main.o
 .debug_info    0x00000b27      0x866 GCC-ARM/Output/stm32f4xx_hal_msp.o
 .debug_info    0x0000138d      0x13a GCC-ARM/Output/stm32f4xx_it.o
 .debug_info    0x000014c7      0x8e1 GCC-ARM/Output/stm32f4xx_hal.o
 .debug_info    0x00001da8      0xb6d GCC-ARM/Output/stm32f4xx_hal_cortex.o
 .debug_info    0x00002915      0x651 GCC-ARM/Output/stm32f4xx_hal_dma.o
 .debug_info    0x00002f66      0xe0d GCC-ARM/Output/stm32f4xx_hal_rcc.o
 .debug_info    0x00003d73      0x6f8 GCC-ARM/Output/stm32f4xx_hal_gpio.o
 .debug_info    0x0000446b      0xe5a GCC-ARM/Output/stm32f4xx_hal_usart.o
 .debug_info    0x000052c5      0x5de GCC-ARM/Output/retarget.o
 .debug_info    0x000058a3       0x6a GCC-ARM/Output/GCC-ARM/startup_stm32f407xx.o

.debug_abbrev   0x00000000     0x1241
 .debug_abbrev  0x00000000      0x101 GCC-ARM/Output/system_stm32f4xx.o
 .debug_abbrev  0x00000101      0x179 GCC-ARM/Output/main.o
 .debug_abbrev  0x0000027a      0x16d GCC-ARM/Output/stm32f4xx_hal_msp.o
 .debug_abbrev  0x000003e7       0x7f GCC-ARM/Output/stm32f4xx_it.o
 .debug_abbrev  0x00000466      0x1ff GCC-ARM/Output/stm32f4xx_hal.o
 .debug_abbrev  0x00000665      0x27f GCC-ARM/Output/stm32f4xx_hal_cortex.o
 .debug_abbrev  0x000008e4      0x1c2 GCC-ARM/Output/stm32f4xx_hal_dma.o
 .debug_abbrev  0x00000aa6      0x25a GCC-ARM/Output/stm32f4xx_hal_rcc.o
 .debug_abbrev  0x00000d00      0x1aa GCC-ARM/Output/stm32f4xx_hal_gpio.o
 .debug_abbrev  0x00000eaa      0x215 GCC-ARM/Output/stm32f4xx_hal_usart.o
 .debug_abbrev  0x000010bf      0x170 GCC-ARM/Output/retarget.o
 .debug_abbrev  0x0000122f       0x12 GCC-ARM/Output/GCC-ARM/startup_stm32f407xx.o

.debug_aranges  0x00000000      0x188
 .debug_aranges
                0x00000000       0x20 GCC-ARM/Output/system_stm32f4xx.o
 .debug_aranges
                0x00000020       0x20 GCC-ARM/Output/main.o
 .debug_aranges
                0x00000040       0x20 GCC-ARM/Output/stm32f4xx_hal_msp.o
 .debug_aranges
                0x00000060       0x20 GCC-ARM/Output/stm32f4xx_it.o
 .debug_aranges
                0x00000080       0x20 GCC-ARM/Output/stm32f4xx_hal.o
 .debug_aranges
                0x000000a0       0x20 GCC-ARM/Output/stm32f4xx_hal_cortex.o
 .debug_aranges
                0x000000c0       0x20 GCC-ARM/Output/stm32f4xx_hal_dma.o
 .debug_aranges
                0x000000e0       0x20 GCC-ARM/Output/stm32f4xx_hal_rcc.o
 .debug_aranges
                0x00000100       0x20 GCC-ARM/Output/stm32f4xx_hal_gpio.o
 .debug_aranges
                0x00000120       0x20 GCC-ARM/Output/stm32f4xx_hal_usart.o
 .debug_aranges
                0x00000140       0x20 GCC-ARM/Output/retarget.o
 .debug_aranges
                0x00000160       0x28 GCC-ARM/Output/GCC-ARM/startup_stm32f407xx.o

.debug_line     0x00000000     0x6465
 .debug_line    0x00000000      0x129 GCC-ARM/Output/system_stm32f4xx.o
 .debug_line    0x00000129      0x1f0 GCC-ARM/Output/main.o
 .debug_line    0x00000319      0x1a1 GCC-ARM/Output/stm32f4xx_hal_msp.o
 .debug_line    0x000004ba       0xf4 GCC-ARM/Output/stm32f4xx_it.o
 .debug_line    0x000005ae      0x205 GCC-ARM/Output/stm32f4xx_hal.o
 .debug_line    0x000007b3      0x2e6 GCC-ARM/Output/stm32f4xx_hal_cortex.o
 .debug_line    0x00000a99     0x4502 GCC-ARM/Output/stm32f4xx_hal_dma.o
 .debug_line    0x00004f9b      0x682 GCC-ARM/Output/stm32f4xx_hal_rcc.o
 .debug_line    0x0000561d      0x4c6 GCC-ARM/Output/stm32f4xx_hal_gpio.o
 .debug_line    0x00005ae3      0x78e GCC-ARM/Output/stm32f4xx_hal_usart.o
 .debug_line    0x00006271      0x178 GCC-ARM/Output/retarget.o
 .debug_line    0x000063e9       0x7c GCC-ARM/Output/GCC-ARM/startup_stm32f407xx.o

.debug_str      0x00000000     0x1bbc
 .debug_str     0x00000000      0x2ef GCC-ARM/Output/system_stm32f4xx.o
                                0x354 (size before relaxing)
 .debug_str     0x000002ef      0x252 GCC-ARM/Output/main.o
                                0x4fb (size before relaxing)
 .debug_str     0x00000541      0x463 GCC-ARM/Output/stm32f4xx_hal_msp.o
                                0x7a0 (size before relaxing)
 .debug_str     0x000009a4       0xa3 GCC-ARM/Output/stm32f4xx_it.o
                                0x210 (size before relaxing)
 .debug_str     0x00000a47      0x736 GCC-ARM/Output/stm32f4xx_hal.o
                                0xa39 (size before relaxing)
 .debug_str     0x0000117d      0x297 GCC-ARM/Output/stm32f4xx_hal_cortex.o
                                0xac2 (size before relaxing)
 .debug_str     0x00001414      0x16a GCC-ARM/Output/stm32f4xx_hal_dma.o
                                0x5dc (size before relaxing)
 .debug_str     0x0000157e      0x198 GCC-ARM/Output/stm32f4xx_hal_rcc.o
                                0x68c (size before relaxing)
 .debug_str     0x00001716      0x16c GCC-ARM/Output/stm32f4xx_hal_gpio.o
                                0x4d2 (size before relaxing)
 .debug_str     0x00001882      0x300 GCC-ARM/Output/stm32f4xx_hal_usart.o
                                0x9b1 (size before relaxing)
 .debug_str     0x00001b82       0x3a GCC-ARM/Output/retarget.o
                                0x610 (size before relaxing)

.comment        0x00000000       0x70
 .comment       0x00000000       0x70 GCC-ARM/Output/system_stm32f4xx.o
                                 0x71 (size before relaxing)
 .comment       0x00000000       0x71 GCC-ARM/Output/main.o
 .comment       0x00000000       0x71 GCC-ARM/Output/stm32f4xx_hal_msp.o
 .comment       0x00000000       0x71 GCC-ARM/Output/stm32f4xx_it.o
 .comment       0x00000000       0x71 GCC-ARM/Output/stm32f4xx_hal.o
 .comment       0x00000000       0x71 GCC-ARM/Output/stm32f4xx_hal_cortex.o
 .comment       0x00000000       0x71 GCC-ARM/Output/stm32f4xx_hal_dma.o
 .comment       0x00000000       0x71 GCC-ARM/Output/stm32f4xx_hal_rcc.o
 .comment       0x00000000       0x71 GCC-ARM/Output/stm32f4xx_hal_gpio.o
 .comment       0x00000000       0x71 GCC-ARM/Output/stm32f4xx_hal_usart.o
 .comment       0x00000000       0x71 GCC-ARM/Output/retarget.o

.debug_frame    0x00000000     0x245c
 .debug_frame   0x00000000       0x58 GCC-ARM/Output/system_stm32f4xx.o
 .debug_frame   0x00000058       0xb0 GCC-ARM/Output/main.o
 .debug_frame   0x00000108       0x98 GCC-ARM/Output/stm32f4xx_hal_msp.o
 .debug_frame   0x000001a0      0x10c GCC-ARM/Output/stm32f4xx_it.o
 .debug_frame   0x000002ac      0x2c0 GCC-ARM/Output/stm32f4xx_hal.o
 .debug_frame   0x0000056c      0x424 GCC-ARM/Output/stm32f4xx_hal_cortex.o
 .debug_frame   0x00000990      0x194 GCC-ARM/Output/stm32f4xx_hal_dma.o
 .debug_frame   0x00000b24      0x204 GCC-ARM/Output/stm32f4xx_hal_rcc.o
 .debug_frame   0x00000d28      0x13c GCC-ARM/Output/stm32f4xx_hal_gpio.o
 .debug_frame   0x00000e64      0x578 GCC-ARM/Output/stm32f4xx_hal_usart.o
 .debug_frame   0x000013dc       0x9c GCC-ARM/Output/retarget.o
 .debug_frame   0x00001478       0x2c /usr/bin/../lib/gcc/arm-none-eabi/4.9.3/../../../../arm-none-eabi/lib/armv7e-m/softfp/libc_nano.a(lib_a-init.o)
 .debug_frame   0x000014a4       0x20 /usr/bin/../lib/gcc/arm-none-eabi/4.9.3/../../../../arm-none-eabi/lib/armv7e-m/softfp/libc_nano.a(lib_a-memset.o)
 .debug_frame   0x000014c4       0x8c /usr/bin/../lib/gcc/arm-none-eabi/4.9.3/../../../../arm-none-eabi/lib/armv7e-m/softfp/libc_nano.a(lib_a-nano-vfprintf_float.o)
 .debug_frame   0x00001550       0x58 /usr/bin/../lib/gcc/arm-none-eabi/4.9.3/../../../../arm-none-eabi/lib/armv7e-m/softfp/libc_nano.a(lib_a-nano-vfprintf_i.o)
 .debug_frame   0x000015a8       0x40 /usr/bin/../lib/gcc/arm-none-eabi/4.9.3/../../../../arm-none-eabi/lib/armv7e-m/softfp/libc_nano.a(lib_a-nano-vfscanf_float.o)
 .debug_frame   0x000015e8       0x74 /usr/bin/../lib/gcc/arm-none-eabi/4.9.3/../../../../arm-none-eabi/lib/armv7e-m/softfp/libc_nano.a(lib_a-printf.o)
 .debug_frame   0x0000165c       0x28 /usr/bin/../lib/gcc/arm-none-eabi/4.9.3/../../../../arm-none-eabi/lib/armv7e-m/softfp/libc_nano.a(lib_a-s_fpclassify.o)
 .debug_frame   0x00001684       0x20 /usr/bin/../lib/gcc/arm-none-eabi/4.9.3/../../../../arm-none-eabi/lib/armv7e-m/softfp/libc_nano.a(lib_a-sf_nan.o)
 .debug_frame   0x000016a4       0x70 /usr/bin/../lib/gcc/arm-none-eabi/4.9.3/../../../../arm-none-eabi/lib/armv7e-m/softfp/libc_nano.a(lib_a-sprintf.o)
 .debug_frame   0x00001714       0x20 /usr/bin/../lib/gcc/arm-none-eabi/4.9.3/../../../../arm-none-eabi/lib/armv7e-m/softfp/libc_nano.a(lib_a-strlen.o)
 .debug_frame   0x00001734       0xb4 /usr/bin/../lib/gcc/arm-none-eabi/4.9.3/../../../../arm-none-eabi/lib/armv7e-m/softfp/libc_nano.a(lib_a-strtod.o)
 .debug_frame   0x000017e8       0x54 /usr/bin/../lib/gcc/arm-none-eabi/4.9.3/../../../../arm-none-eabi/lib/armv7e-m/softfp/libc_nano.a(lib_a-strtol.o)
 .debug_frame   0x0000183c       0x6c /usr/bin/../lib/gcc/arm-none-eabi/4.9.3/../../../../arm-none-eabi/lib/armv7e-m/softfp/libc_nano.a(lib_a-dtoa.o)
 .debug_frame   0x000018a8      0x11c /usr/bin/../lib/gcc/arm-none-eabi/4.9.3/../../../../arm-none-eabi/lib/armv7e-m/softfp/libc_nano.a(lib_a-findfp.o)
 .debug_frame   0x000019c4       0x54 /usr/bin/../lib/gcc/arm-none-eabi/4.9.3/../../../../arm-none-eabi/lib/armv7e-m/softfp/libc_nano.a(lib_a-fwalk.o)
 .debug_frame   0x00001a18       0x70 /usr/bin/../lib/gcc/arm-none-eabi/4.9.3/../../../../arm-none-eabi/lib/armv7e-m/softfp/libc_nano.a(lib_a-gdtoa-gethex.o)
 .debug_frame   0x00001a88       0x58 /usr/bin/../lib/gcc/arm-none-eabi/4.9.3/../../../../arm-none-eabi/lib/armv7e-m/softfp/libc_nano.a(lib_a-gdtoa-hexnan.o)
 .debug_frame   0x00001ae0       0x98 /usr/bin/../lib/gcc/arm-none-eabi/4.9.3/../../../../arm-none-eabi/lib/armv7e-m/softfp/libc_nano.a(lib_a-locale.o)
 .debug_frame   0x00001b78       0x30 /usr/bin/../lib/gcc/arm-none-eabi/4.9.3/../../../../arm-none-eabi/lib/armv7e-m/softfp/libc_nano.a(lib_a-malloc.o)
 .debug_frame   0x00001ba8       0x28 /usr/bin/../lib/gcc/arm-none-eabi/4.9.3/../../../../arm-none-eabi/lib/armv7e-m/softfp/libc_nano.a(lib_a-memchr.o)
 .debug_frame   0x00001bd0       0x28 /usr/bin/../lib/gcc/arm-none-eabi/4.9.3/../../../../arm-none-eabi/lib/armv7e-m/softfp/libc_nano.a(lib_a-memcpy.o)
 .debug_frame   0x00001bf8      0x230 /usr/bin/../lib/gcc/arm-none-eabi/4.9.3/../../../../arm-none-eabi/lib/armv7e-m/softfp/libc_nano.a(lib_a-mprec.o)
 .debug_frame   0x00001e28       0x2c /usr/bin/../lib/gcc/arm-none-eabi/4.9.3/../../../../arm-none-eabi/lib/armv7e-m/softfp/libc_nano.a(lib_a-nano-callocr.o)
 .debug_frame   0x00001e54       0x2c /usr/bin/../lib/gcc/arm-none-eabi/4.9.3/../../../../arm-none-eabi/lib/armv7e-m/softfp/libc_nano.a(lib_a-nano-freer.o)
 .debug_frame   0x00001e80       0x2c /usr/bin/../lib/gcc/arm-none-eabi/4.9.3/../../../../arm-none-eabi/lib/armv7e-m/softfp/libc_nano.a(lib_a-nano-mallocr.o)
 .debug_frame   0x00001eac       0x8c /usr/bin/../lib/gcc/arm-none-eabi/4.9.3/../../../../arm-none-eabi/lib/armv7e-m/softfp/libc_nano.a(lib_a-nano-svfprintf.o)
 .debug_frame   0x00001f38       0xb8 /usr/bin/../lib/gcc/arm-none-eabi/4.9.3/../../../../arm-none-eabi/lib/armv7e-m/softfp/libc_nano.a(lib_a-nano-vfprintf.o)
 .debug_frame   0x00001ff0       0x2c /usr/bin/../lib/gcc/arm-none-eabi/4.9.3/../../../../arm-none-eabi/lib/armv7e-m/softfp/libc_nano.a(lib_a-sbrkr.o)
 .debug_frame   0x0000201c       0x88 /usr/bin/../lib/gcc/arm-none-eabi/4.9.3/../../../../arm-none-eabi/lib/armv7e-m/softfp/libc_nano.a(lib_a-stdio.o)
 .debug_frame   0x000020a4       0x2c /usr/bin/../lib/gcc/arm-none-eabi/4.9.3/../../../../arm-none-eabi/lib/armv7e-m/softfp/libc_nano.a(lib_a-strncmp.o)
 .debug_frame   0x000020d0       0x3c /usr/bin/../lib/gcc/arm-none-eabi/4.9.3/../../../../arm-none-eabi/lib/armv7e-m/softfp/libc_nano.a(lib_a-wbuf.o)
 .debug_frame   0x0000210c       0x2c /usr/bin/../lib/gcc/arm-none-eabi/4.9.3/../../../../arm-none-eabi/lib/armv7e-m/softfp/libc_nano.a(lib_a-writer.o)
 .debug_frame   0x00002138       0x2c /usr/bin/../lib/gcc/arm-none-eabi/4.9.3/../../../../arm-none-eabi/lib/armv7e-m/softfp/libc_nano.a(lib_a-wsetup.o)
 .debug_frame   0x00002164       0x2c /usr/bin/../lib/gcc/arm-none-eabi/4.9.3/../../../../arm-none-eabi/lib/armv7e-m/softfp/libc_nano.a(lib_a-closer.o)
 .debug_frame   0x00002190       0x68 /usr/bin/../lib/gcc/arm-none-eabi/4.9.3/../../../../arm-none-eabi/lib/armv7e-m/softfp/libc_nano.a(lib_a-fflush.o)
 .debug_frame   0x000021f8       0x2c /usr/bin/../lib/gcc/arm-none-eabi/4.9.3/../../../../arm-none-eabi/lib/armv7e-m/softfp/libc_nano.a(lib_a-lseekr.o)
 .debug_frame   0x00002224       0x34 /usr/bin/../lib/gcc/arm-none-eabi/4.9.3/../../../../arm-none-eabi/lib/armv7e-m/softfp/libc_nano.a(lib_a-makebuf.o)
 .debug_frame   0x00002258       0x28 /usr/bin/../lib/gcc/arm-none-eabi/4.9.3/../../../../arm-none-eabi/lib/armv7e-m/softfp/libc_nano.a(lib_a-memmove.o)
 .debug_frame   0x00002280       0x3c /usr/bin/../lib/gcc/arm-none-eabi/4.9.3/../../../../arm-none-eabi/lib/armv7e-m/softfp/libc_nano.a(lib_a-nano-reallocr.o)
 .debug_frame   0x000022bc       0x2c /usr/bin/../lib/gcc/arm-none-eabi/4.9.3/../../../../arm-none-eabi/lib/armv7e-m/softfp/libc_nano.a(lib_a-readr.o)
 .debug_frame   0x000022e8       0x5c /usr/bin/../lib/gcc/arm-none-eabi/4.9.3/../../../../arm-none-eabi/lib/armv7e-m/softfp/libc_nano.a(lib_a-reent.o)
 .debug_frame   0x00002344       0x2c /usr/bin/../lib/gcc/arm-none-eabi/4.9.3/../../../../arm-none-eabi/lib/armv7e-m/softfp/libc_nano.a(lib_a-fstatr.o)
 .debug_frame   0x00002370       0x2c /usr/bin/../lib/gcc/arm-none-eabi/4.9.3/../../../../arm-none-eabi/lib/armv7e-m/softfp/libc_nano.a(lib_a-isattyr.o)
 .debug_frame   0x0000239c       0x20 /usr/bin/../lib/gcc/arm-none-eabi/4.9.3/../../../../arm-none-eabi/lib/armv7e-m/softfp/libc_nano.a(lib_a-nano-msizer.o)
 .debug_frame   0x000023bc       0x20 /usr/bin/../lib/gcc/arm-none-eabi/4.9.3/../../../../arm-none-eabi/lib/armv7e-m/softfp/libnosys.a(close.o)
 .debug_frame   0x000023dc       0x20 /usr/bin/../lib/gcc/arm-none-eabi/4.9.3/../../../../arm-none-eabi/lib/armv7e-m/softfp/libnosys.a(fstat.o)
 .debug_frame   0x000023fc       0x20 /usr/bin/../lib/gcc/arm-none-eabi/4.9.3/../../../../arm-none-eabi/lib/armv7e-m/softfp/libnosys.a(isatty.o)
 .debug_frame   0x0000241c       0x20 /usr/bin/../lib/gcc/arm-none-eabi/4.9.3/../../../../arm-none-eabi/lib/armv7e-m/softfp/libnosys.a(lseek.o)
 .debug_frame   0x0000243c       0x20 /usr/bin/../lib/gcc/arm-none-eabi/4.9.3/../../../../arm-none-eabi/lib/armv7e-m/softfp/libnosys.a(sbrk.o)

.debug_ranges   0x00000000       0x20
 .debug_ranges  0x00000000       0x20 GCC-ARM/Output/GCC-ARM/startup_stm32f407xx.o

.stab           0x00000000       0x6c
 .stab          0x00000000       0x24 /usr/bin/../lib/gcc/arm-none-eabi/4.9.3/../../../../arm-none-eabi/lib/armv7e-m/softfp/libnosys.a(close.o)
 .stab          0x00000024       0x18 /usr/bin/../lib/gcc/arm-none-eabi/4.9.3/../../../../arm-none-eabi/lib/armv7e-m/softfp/libnosys.a(fstat.o)
                                 0x24 (size before relaxing)
 .stab          0x0000003c       0x18 /usr/bin/../lib/gcc/arm-none-eabi/4.9.3/../../../../arm-none-eabi/lib/armv7e-m/softfp/libnosys.a(isatty.o)
                                 0x24 (size before relaxing)
 .stab          0x00000054       0x18 /usr/bin/../lib/gcc/arm-none-eabi/4.9.3/../../../../arm-none-eabi/lib/armv7e-m/softfp/libnosys.a(lseek.o)
                                 0x24 (size before relaxing)

.stabstr        0x00000000       0xe3
 .stabstr       0x00000000       0xe3 /usr/bin/../lib/gcc/arm-none-eabi/4.9.3/../../../../arm-none-eabi/lib/armv7e-m/softfp/libnosys.a(close.o)

Cross Reference Table

Symbol                                            File
ADC_IRQHandler                                    GCC-ARM/Output/GCC-ARM/startup_stm32f407xx.o
AHBPrescTable                                     GCC-ARM/Output/system_stm32f4xx.o
APBAHBPrescTable                                  GCC-ARM/Output/stm32f4xx_hal_rcc.o
BusFault_Handler                                  GCC-ARM/Output/stm32f4xx_it.o
CAN1_RX0_IRQHandler                               GCC-ARM/Output/GCC-ARM/startup_stm32f407xx.o
CAN1_RX1_IRQHandler                               GCC-ARM/Output/GCC-ARM/startup_stm32f407xx.o
CAN1_SCE_IRQHandler                               GCC-ARM/Output/GCC-ARM/startup_stm32f407xx.o
CAN1_TX_IRQHandler                                GCC-ARM/Output/GCC-ARM/startup_stm32f407xx.o
CAN2_RX0_IRQHandler                               GCC-ARM/Output/GCC-ARM/startup_stm32f407xx.o
CAN2_RX1_IRQHandler                               GCC-ARM/Output/GCC-ARM/startup_stm32f407xx.o
CAN2_SCE_IRQHandler                               GCC-ARM/Output/GCC-ARM/startup_stm32f407xx.o
CAN2_TX_IRQHandler                                GCC-ARM/Output/GCC-ARM/startup_stm32f407xx.o
DCMI_IRQHandler                                   GCC-ARM/Output/GCC-ARM/startup_stm32f407xx.o
DMA1_Stream0_IRQHandler                           GCC-ARM/Output/GCC-ARM/startup_stm32f407xx.o
DMA1_Stream1_IRQHandler                           GCC-ARM/Output/GCC-ARM/startup_stm32f407xx.o
DMA1_Stream2_IRQHandler                           GCC-ARM/Output/GCC-ARM/startup_stm32f407xx.o
DMA1_Stream3_IRQHandler                           GCC-ARM/Output/GCC-ARM/startup_stm32f407xx.o
DMA1_Stream4_IRQHandler                           GCC-ARM/Output/GCC-ARM/startup_stm32f407xx.o
DMA1_Stream5_IRQHandler                           GCC-ARM/Output/GCC-ARM/startup_stm32f407xx.o
DMA1_Stream6_IRQHandler                           GCC-ARM/Output/GCC-ARM/startup_stm32f407xx.o
DMA1_Stream7_IRQHandler                           GCC-ARM/Output/GCC-ARM/startup_stm32f407xx.o
DMA2_Stream0_IRQHandler                           GCC-ARM/Output/GCC-ARM/startup_stm32f407xx.o
DMA2_Stream1_IRQHandler                           GCC-ARM/Output/GCC-ARM/startup_stm32f407xx.o
DMA2_Stream2_IRQHandler                           GCC-ARM/Output/GCC-ARM/startup_stm32f407xx.o
DMA2_Stream3_IRQHandler                           GCC-ARM/Output/GCC-ARM/startup_stm32f407xx.o
DMA2_Stream4_IRQHandler                           GCC-ARM/Output/GCC-ARM/startup_stm32f407xx.o
DMA2_Stream5_IRQHandler                           GCC-ARM/Output/GCC-ARM/startup_stm32f407xx.o
DMA2_Stream6_IRQHandler                           GCC-ARM/Output/GCC-ARM/startup_stm32f407xx.o
DMA2_Stream7_IRQHandler                           GCC-ARM/Output/GCC-ARM/startup_stm32f407xx.o
DebugMon_Handler                                  GCC-ARM/Output/stm32f4xx_it.o
Default_Handler                                   GCC-ARM/Output/GCC-ARM/startup_stm32f407xx.o
ETH_IRQHandler                                    GCC-ARM/Output/GCC-ARM/startup_stm32f407xx.o
ETH_WKUP_IRQHandler                               GCC-ARM/Output/GCC-ARM/startup_stm32f407xx.o
EXTI0_IRQHandler                                  GCC-ARM/Output/GCC-ARM/startup_stm32f407xx.o
EXTI15_10_IRQHandler                              GCC-ARM/Output/GCC-ARM/startup_stm32f407xx.o
EXTI1_IRQHandler                                  GCC-ARM/Output/GCC-ARM/startup_stm32f407xx.o
EXTI2_IRQHandler                                  GCC-ARM/Output/GCC-ARM/startup_stm32f407xx.o
EXTI3_IRQHandler                                  GCC-ARM/Output/GCC-ARM/startup_stm32f407xx.o
EXTI4_IRQHandler                                  GCC-ARM/Output/GCC-ARM/startup_stm32f407xx.o
EXTI9_5_IRQHandler                                GCC-ARM/Output/GCC-ARM/startup_stm32f407xx.o
FLASH_IRQHandler                                  GCC-ARM/Output/GCC-ARM/startup_stm32f407xx.o
FPU_IRQHandler                                    GCC-ARM/Output/GCC-ARM/startup_stm32f407xx.o
FSMC_IRQHandler                                   GCC-ARM/Output/GCC-ARM/startup_stm32f407xx.o
HAL_DBGMCU_DisableDBGSleepMode                    GCC-ARM/Output/stm32f4xx_hal.o
HAL_DBGMCU_DisableDBGStandbyMode                  GCC-ARM/Output/stm32f4xx_hal.o
HAL_DBGMCU_DisableDBGStopMode                     GCC-ARM/Output/stm32f4xx_hal.o
HAL_DBGMCU_EnableDBGSleepMode                     GCC-ARM/Output/stm32f4xx_hal.o
HAL_DBGMCU_EnableDBGStandbyMode                   GCC-ARM/Output/stm32f4xx_hal.o
HAL_DBGMCU_EnableDBGStopMode                      GCC-ARM/Output/stm32f4xx_hal.o
HAL_DMA_Abort                                     GCC-ARM/Output/stm32f4xx_hal_dma.o
                                                  GCC-ARM/Output/stm32f4xx_hal_usart.o
HAL_DMA_DeInit                                    GCC-ARM/Output/stm32f4xx_hal_dma.o
HAL_DMA_GetError                                  GCC-ARM/Output/stm32f4xx_hal_dma.o
HAL_DMA_GetState                                  GCC-ARM/Output/stm32f4xx_hal_dma.o
HAL_DMA_IRQHandler                                GCC-ARM/Output/stm32f4xx_hal_dma.o
HAL_DMA_Init                                      GCC-ARM/Output/stm32f4xx_hal_dma.o
HAL_DMA_PollForTransfer                           GCC-ARM/Output/stm32f4xx_hal_dma.o
HAL_DMA_Start                                     GCC-ARM/Output/stm32f4xx_hal_dma.o
HAL_DMA_Start_IT                                  GCC-ARM/Output/stm32f4xx_hal_dma.o
                                                  GCC-ARM/Output/stm32f4xx_hal_usart.o
HAL_DeInit                                        GCC-ARM/Output/stm32f4xx_hal.o
HAL_Delay                                         GCC-ARM/Output/stm32f4xx_hal.o
                                                  GCC-ARM/Output/main.o
HAL_DisableCompensationCell                       GCC-ARM/Output/stm32f4xx_hal.o
HAL_EnableCompensationCell                        GCC-ARM/Output/stm32f4xx_hal.o
HAL_GPIO_DeInit                                   GCC-ARM/Output/stm32f4xx_hal_gpio.o
                                                  GCC-ARM/Output/stm32f4xx_hal_msp.o
HAL_GPIO_EXTI_Callback                            GCC-ARM/Output/stm32f4xx_hal_gpio.o
HAL_GPIO_EXTI_IRQHandler                          GCC-ARM/Output/stm32f4xx_hal_gpio.o
HAL_GPIO_Init                                     GCC-ARM/Output/stm32f4xx_hal_gpio.o
                                                  GCC-ARM/Output/stm32f4xx_hal_rcc.o
                                                  GCC-ARM/Output/stm32f4xx_hal_msp.o
                                                  GCC-ARM/Output/main.o
HAL_GPIO_LockPin                                  GCC-ARM/Output/stm32f4xx_hal_gpio.o
HAL_GPIO_ReadPin                                  GCC-ARM/Output/stm32f4xx_hal_gpio.o
HAL_GPIO_TogglePin                                GCC-ARM/Output/stm32f4xx_hal_gpio.o
                                                  GCC-ARM/Output/main.o
HAL_GPIO_WritePin                                 GCC-ARM/Output/stm32f4xx_hal_gpio.o
HAL_GetDEVID                                      GCC-ARM/Output/stm32f4xx_hal.o
HAL_GetHalVersion                                 GCC-ARM/Output/stm32f4xx_hal.o
HAL_GetREVID                                      GCC-ARM/Output/stm32f4xx_hal.o
                                                  GCC-ARM/Output/main.o
HAL_GetTick                                       GCC-ARM/Output/stm32f4xx_hal.o
                                                  GCC-ARM/Output/stm32f4xx_hal_usart.o
                                                  GCC-ARM/Output/stm32f4xx_hal_rcc.o
                                                  GCC-ARM/Output/stm32f4xx_hal_dma.o
HAL_IncTick                                       GCC-ARM/Output/stm32f4xx_hal.o
                                                  GCC-ARM/Output/stm32f4xx_it.o
HAL_Init                                          GCC-ARM/Output/stm32f4xx_hal.o
                                                  GCC-ARM/Output/main.o
HAL_InitTick                                      GCC-ARM/Output/stm32f4xx_hal.o
                                                  GCC-ARM/Output/stm32f4xx_hal_rcc.o
HAL_MspDeInit                                     GCC-ARM/Output/stm32f4xx_hal_msp.o
HAL_MspInit                                       GCC-ARM/Output/stm32f4xx_hal_msp.o
HAL_NVIC_ClearPendingIRQ                          GCC-ARM/Output/stm32f4xx_hal_cortex.o
HAL_NVIC_DisableIRQ                               GCC-ARM/Output/stm32f4xx_hal_cortex.o
HAL_NVIC_EnableIRQ                                GCC-ARM/Output/stm32f4xx_hal_cortex.o
HAL_NVIC_GetActive                                GCC-ARM/Output/stm32f4xx_hal_cortex.o
HAL_NVIC_GetPendingIRQ                            GCC-ARM/Output/stm32f4xx_hal_cortex.o
HAL_NVIC_GetPriority                              GCC-ARM/Output/stm32f4xx_hal_cortex.o
HAL_NVIC_GetPriorityGrouping                      GCC-ARM/Output/stm32f4xx_hal_cortex.o
HAL_NVIC_SetPendingIRQ                            GCC-ARM/Output/stm32f4xx_hal_cortex.o
HAL_NVIC_SetPriority                              GCC-ARM/Output/stm32f4xx_hal_cortex.o
                                                  GCC-ARM/Output/stm32f4xx_hal.o
HAL_NVIC_SetPriorityGrouping                      GCC-ARM/Output/stm32f4xx_hal_cortex.o
                                                  GCC-ARM/Output/stm32f4xx_hal.o
HAL_NVIC_SystemReset                              GCC-ARM/Output/stm32f4xx_hal_cortex.o
HAL_RCC_CSSCallback                               GCC-ARM/Output/stm32f4xx_hal_rcc.o
HAL_RCC_ClockConfig                               GCC-ARM/Output/stm32f4xx_hal_rcc.o
                                                  GCC-ARM/Output/main.o
HAL_RCC_DeInit                                    GCC-ARM/Output/stm32f4xx_hal_rcc.o
HAL_RCC_DisableCSS                                GCC-ARM/Output/stm32f4xx_hal_rcc.o
HAL_RCC_EnableCSS                                 GCC-ARM/Output/stm32f4xx_hal_rcc.o
HAL_RCC_GetClockConfig                            GCC-ARM/Output/stm32f4xx_hal_rcc.o
HAL_RCC_GetHCLKFreq                               GCC-ARM/Output/stm32f4xx_hal_rcc.o
                                                  GCC-ARM/Output/stm32f4xx_hal.o
HAL_RCC_GetOscConfig                              GCC-ARM/Output/stm32f4xx_hal_rcc.o
HAL_RCC_GetPCLK1Freq                              GCC-ARM/Output/stm32f4xx_hal_rcc.o
                                                  GCC-ARM/Output/stm32f4xx_hal_usart.o
HAL_RCC_GetPCLK2Freq                              GCC-ARM/Output/stm32f4xx_hal_rcc.o
                                                  GCC-ARM/Output/stm32f4xx_hal_usart.o
HAL_RCC_GetSysClockFreq                           GCC-ARM/Output/stm32f4xx_hal_rcc.o
HAL_RCC_MCOConfig                                 GCC-ARM/Output/stm32f4xx_hal_rcc.o
HAL_RCC_NMI_IRQHandler                            GCC-ARM/Output/stm32f4xx_hal_rcc.o
HAL_RCC_OscConfig                                 GCC-ARM/Output/stm32f4xx_hal_rcc.o
                                                  GCC-ARM/Output/main.o
HAL_ResumeTick                                    GCC-ARM/Output/stm32f4xx_hal.o
HAL_SYSTICK_CLKSourceConfig                       GCC-ARM/Output/stm32f4xx_hal_cortex.o
HAL_SYSTICK_Callback                              GCC-ARM/Output/stm32f4xx_hal_cortex.o
HAL_SYSTICK_Config                                GCC-ARM/Output/stm32f4xx_hal_cortex.o
                                                  GCC-ARM/Output/stm32f4xx_hal.o
HAL_SYSTICK_IRQHandler                            GCC-ARM/Output/stm32f4xx_hal_cortex.o
HAL_SuspendTick                                   GCC-ARM/Output/stm32f4xx_hal.o
HAL_USART_DMAPause                                GCC-ARM/Output/stm32f4xx_hal_usart.o
HAL_USART_DMAResume                               GCC-ARM/Output/stm32f4xx_hal_usart.o
HAL_USART_DMAStop                                 GCC-ARM/Output/stm32f4xx_hal_usart.o
HAL_USART_DeInit                                  GCC-ARM/Output/stm32f4xx_hal_usart.o
HAL_USART_ErrorCallback                           GCC-ARM/Output/stm32f4xx_hal_usart.o
HAL_USART_GetError                                GCC-ARM/Output/stm32f4xx_hal_usart.o
HAL_USART_GetState                                GCC-ARM/Output/stm32f4xx_hal_usart.o
HAL_USART_IRQHandler                              GCC-ARM/Output/stm32f4xx_hal_usart.o
HAL_USART_Init                                    GCC-ARM/Output/stm32f4xx_hal_usart.o
                                                  GCC-ARM/Output/retarget.o
HAL_USART_MspDeInit                               GCC-ARM/Output/stm32f4xx_hal_msp.o
HAL_USART_MspInit                                 GCC-ARM/Output/stm32f4xx_hal_msp.o
HAL_USART_Receive                                 GCC-ARM/Output/stm32f4xx_hal_usart.o
HAL_USART_Receive_DMA                             GCC-ARM/Output/stm32f4xx_hal_usart.o
HAL_USART_Receive_IT                              GCC-ARM/Output/stm32f4xx_hal_usart.o
HAL_USART_RxCpltCallback                          GCC-ARM/Output/stm32f4xx_hal_usart.o
HAL_USART_RxHalfCpltCallback                      GCC-ARM/Output/stm32f4xx_hal_usart.o
HAL_USART_Transmit                                GCC-ARM/Output/stm32f4xx_hal_usart.o
                                                  GCC-ARM/Output/retarget.o
HAL_USART_TransmitReceive                         GCC-ARM/Output/stm32f4xx_hal_usart.o
HAL_USART_TransmitReceive_DMA                     GCC-ARM/Output/stm32f4xx_hal_usart.o
HAL_USART_TransmitReceive_IT                      GCC-ARM/Output/stm32f4xx_hal_usart.o
HAL_USART_Transmit_DMA                            GCC-ARM/Output/stm32f4xx_hal_usart.o
HAL_USART_Transmit_IT                             GCC-ARM/Output/stm32f4xx_hal_usart.o
HAL_USART_TxCpltCallback                          GCC-ARM/Output/stm32f4xx_hal_usart.o
HAL_USART_TxHalfCpltCallback                      GCC-ARM/Output/stm32f4xx_hal_usart.o
HAL_USART_TxRxCpltCallback                        GCC-ARM/Output/stm32f4xx_hal_usart.o
HASH_RNG_IRQHandler                               GCC-ARM/Output/GCC-ARM/startup_stm32f407xx.o
HardFault_Handler                                 GCC-ARM/Output/stm32f4xx_it.o
I2C1_ER_IRQHandler                                GCC-ARM/Output/GCC-ARM/startup_stm32f407xx.o
I2C1_EV_IRQHandler                                GCC-ARM/Output/GCC-ARM/startup_stm32f407xx.o
I2C2_ER_IRQHandler                                GCC-ARM/Output/GCC-ARM/startup_stm32f407xx.o
I2C2_EV_IRQHandler                                GCC-ARM/Output/GCC-ARM/startup_stm32f407xx.o
I2C3_ER_IRQHandler                                GCC-ARM/Output/GCC-ARM/startup_stm32f407xx.o
I2C3_EV_IRQHandler                                GCC-ARM/Output/GCC-ARM/startup_stm32f407xx.o
MemManage_Handler                                 GCC-ARM/Output/stm32f4xx_it.o
NMI_Handler                                       GCC-ARM/Output/stm32f4xx_it.o
OTG_FS_IRQHandler                                 GCC-ARM/Output/GCC-ARM/startup_stm32f407xx.o
OTG_FS_WKUP_IRQHandler                            GCC-ARM/Output/GCC-ARM/startup_stm32f407xx.o
OTG_HS_EP1_IN_IRQHandler                          GCC-ARM/Output/GCC-ARM/startup_stm32f407xx.o
OTG_HS_EP1_OUT_IRQHandler                         GCC-ARM/Output/GCC-ARM/startup_stm32f407xx.o
OTG_HS_IRQHandler                                 GCC-ARM/Output/GCC-ARM/startup_stm32f407xx.o
OTG_HS_WKUP_IRQHandler                            GCC-ARM/Output/GCC-ARM/startup_stm32f407xx.o
PVD_IRQHandler                                    GCC-ARM/Output/GCC-ARM/startup_stm32f407xx.o
PendSV_Handler                                    GCC-ARM/Output/stm32f4xx_it.o
RCC_IRQHandler                                    GCC-ARM/Output/GCC-ARM/startup_stm32f407xx.o
RTC_Alarm_IRQHandler                              GCC-ARM/Output/GCC-ARM/startup_stm32f407xx.o
RTC_WKUP_IRQHandler                               GCC-ARM/Output/GCC-ARM/startup_stm32f407xx.o
Reset_Handler                                     GCC-ARM/Output/GCC-ARM/startup_stm32f407xx.o
SDIO_IRQHandler                                   GCC-ARM/Output/GCC-ARM/startup_stm32f407xx.o
SPI1_IRQHandler                                   GCC-ARM/Output/GCC-ARM/startup_stm32f407xx.o
SPI2_IRQHandler                                   GCC-ARM/Output/GCC-ARM/startup_stm32f407xx.o
SPI3_IRQHandler                                   GCC-ARM/Output/GCC-ARM/startup_stm32f407xx.o
SVC_Handler                                       GCC-ARM/Output/stm32f4xx_it.o
SysTick_Handler                                   GCC-ARM/Output/stm32f4xx_it.o
SystemCoreClock                                   GCC-ARM/Output/system_stm32f4xx.o
                                                  GCC-ARM/Output/stm32f4xx_hal_rcc.o
SystemCoreClockUpdate                             GCC-ARM/Output/system_stm32f4xx.o
SystemInit                                        GCC-ARM/Output/system_stm32f4xx.o
                                                  GCC-ARM/Output/GCC-ARM/startup_stm32f407xx.o
TAMP_STAMP_IRQHandler                             GCC-ARM/Output/GCC-ARM/startup_stm32f407xx.o
TIM1_BRK_TIM9_IRQHandler                          GCC-ARM/Output/GCC-ARM/startup_stm32f407xx.o
TIM1_CC_IRQHandler                                GCC-ARM/Output/GCC-ARM/startup_stm32f407xx.o
TIM1_TRG_COM_TIM11_IRQHandler                     GCC-ARM/Output/GCC-ARM/startup_stm32f407xx.o
TIM1_UP_TIM10_IRQHandler                          GCC-ARM/Output/GCC-ARM/startup_stm32f407xx.o
TIM2_IRQHandler                                   GCC-ARM/Output/GCC-ARM/startup_stm32f407xx.o
TIM3_IRQHandler                                   GCC-ARM/Output/GCC-ARM/startup_stm32f407xx.o
TIM4_IRQHandler                                   GCC-ARM/Output/GCC-ARM/startup_stm32f407xx.o
TIM5_IRQHandler                                   GCC-ARM/Output/GCC-ARM/startup_stm32f407xx.o
TIM6_DAC_IRQHandler                               GCC-ARM/Output/GCC-ARM/startup_stm32f407xx.o
TIM7_IRQHandler                                   GCC-ARM/Output/GCC-ARM/startup_stm32f407xx.o
TIM8_BRK_TIM12_IRQHandler                         GCC-ARM/Output/GCC-ARM/startup_stm32f407xx.o
TIM8_CC_IRQHandler                                GCC-ARM/Output/GCC-ARM/startup_stm32f407xx.o
TIM8_TRG_COM_TIM14_IRQHandler                     GCC-ARM/Output/GCC-ARM/startup_stm32f407xx.o
TIM8_UP_TIM13_IRQHandler                          GCC-ARM/Output/GCC-ARM/startup_stm32f407xx.o
UART4_IRQHandler                                  GCC-ARM/Output/GCC-ARM/startup_stm32f407xx.o
UART5_IRQHandler                                  GCC-ARM/Output/GCC-ARM/startup_stm32f407xx.o
USART1_IRQHandler                                 GCC-ARM/Output/GCC-ARM/startup_stm32f407xx.o
USART2_IRQHandler                                 GCC-ARM/Output/GCC-ARM/startup_stm32f407xx.o
USART3_IRQHandler                                 GCC-ARM/Output/GCC-ARM/startup_stm32f407xx.o
USART6_IRQHandler                                 GCC-ARM/Output/GCC-ARM/startup_stm32f407xx.o
UsageFault_Handler                                GCC-ARM/Output/stm32f4xx_it.o
WWDG_IRQHandler                                   GCC-ARM/Output/GCC-ARM/startup_stm32f407xx.o
_Balloc                                           /usr/bin/../lib/gcc/arm-none-eabi/4.9.3/../../../../arm-none-eabi/lib/armv7e-m/softfp/libc_nano.a(lib_a-mprec.o)
                                                  /usr/bin/../lib/gcc/arm-none-eabi/4.9.3/../../../../arm-none-eabi/lib/armv7e-m/softfp/libc_nano.a(lib_a-gdtoa-gethex.o)
                                                  /usr/bin/../lib/gcc/arm-none-eabi/4.9.3/../../../../arm-none-eabi/lib/armv7e-m/softfp/libc_nano.a(lib_a-dtoa.o)